<!doctype html public "-//w3c//dtd html 4.0 transitional//en">
<html><head>
<title>Static Call Graph - [.\FY-1102\FY-1102.axf]</title></head>
<body><HR>
<H1>Static Call Graph for image .\FY-1102\FY-1102.axf</H1><HR>
<BR><P>#&#060CALLGRAPH&#062# ARM Linker, 5060750: Last Updated: Sun Apr 26 23:43:46 2020
<BR><P>
<H3>Maximum Stack Usage =       1704 bytes + Unknown(Cycles, Untraceable Function Pointers)</H3><H3>
Call chain for Maximum Stack Depth:</H3>
Alarm_DataSave_CallBack &rArr; SaveLog &rArr; SaveDeviceInfo &rArr; f_open &rArr; dir_register &rArr; dir_find &rArr; dir_next &rArr; create_chain &rArr; put_fat &rArr; move_window &rArr; sync_window &rArr; disk_write
<P>
<H3>
Mutually Recursive functions
</H3> <LI><a href="#[1e]">ADC_IRQHandler</a>&nbsp;&nbsp;&nbsp;&rArr;&nbsp;&nbsp;&nbsp;<a href="#[1e]">ADC_IRQHandler</a><BR>
</UL>
<P>
<H3>
Function Pointers
</H3><UL>
 <LI><a href="#[1e]">ADC_IRQHandler</a> from startup_stm32f405xx.o(.text) referenced from startup_stm32f405xx.o(RESET)
 <LI><a href="#[7d]">APP_TO_UART2_TXServer</a> from com_server.o(i.APP_TO_UART2_TXServer) referenced from com_server.o(i.UART_TO_FY1000_CCB_Init_S)
 <LI><a href="#[7a]">APP_TO_UART3_TXServer</a> from com_server.o(i.APP_TO_UART3_TXServer) referenced from com_server.o(i.UART_TO_BRC188_CCB_Init_S)
 <LI><a href="#[7a]">APP_TO_UART3_TXServer</a> from com_server.o(i.APP_TO_UART3_TXServer) referenced from com_server.o(i.UART_TO_DDF2_CCB_Init_S)
 <LI><a href="#[7a]">APP_TO_UART3_TXServer</a> from com_server.o(i.APP_TO_UART3_TXServer) referenced from com_server.o(i.UART_TO_FY188_CCB_Init_S)
 <LI><a href="#[7a]">APP_TO_UART3_TXServer</a> from com_server.o(i.APP_TO_UART3_TXServer) referenced from com_server.o(i.UART_TO_FY2000_CCB_Init_S)
 <LI><a href="#[7a]">APP_TO_UART3_TXServer</a> from com_server.o(i.APP_TO_UART3_TXServer) referenced from com_server.o(i.UART_TO_HT2X188_CCB_Init_S)
 <LI><a href="#[7a]">APP_TO_UART3_TXServer</a> from com_server.o(i.APP_TO_UART3_TXServer) referenced from com_server.o(i.UART_TO_HZCRL_CCB_Init_S)
 <LI><a href="#[7a]">APP_TO_UART3_TXServer</a> from com_server.o(i.APP_TO_UART3_TXServer) referenced from com_server.o(i.UART_TO_NWK_CCB_Init_S)
 <LI><a href="#[7a]">APP_TO_UART3_TXServer</a> from com_server.o(i.APP_TO_UART3_TXServer) referenced from com_server.o(i.UART_TO_XY188_CCB_Init_S)
 <LI><a href="#[88]">Alarm_DataSave_CallBack</a> from main.o(i.Alarm_DataSave_CallBack) referenced from main.o(i.main)
 <LI><a href="#[78]">Alarm_UserShare_CallBack</a> from main.o(i.Alarm_UserShare_CallBack) referenced from main.o(i.Task12_F)
 <LI><a href="#[79]">BRC188_Pack_RxServer_S</a> from brc188pro.o(i.BRC188_Pack_RxServer_S) referenced from com_server.o(i.UART_TO_BRC188_CCB_Init_S)
 <LI><a href="#[89]">BeepWork_RebackFun</a> from beep.o(i.BeepWork_RebackFun) referenced from main.o(i.main)
 <LI><a href="#[6]">BusFault_Handler</a> from stm32f4xx_it.o(i.BusFault_Handler) referenced from startup_stm32f405xx.o(RESET)
 <LI><a href="#[20]">CAN1_RX0_IRQHandler</a> from startup_stm32f405xx.o(.text) referenced from startup_stm32f405xx.o(RESET)
 <LI><a href="#[21]">CAN1_RX1_IRQHandler</a> from startup_stm32f405xx.o(.text) referenced from startup_stm32f405xx.o(RESET)
 <LI><a href="#[22]">CAN1_SCE_IRQHandler</a> from startup_stm32f405xx.o(.text) referenced from startup_stm32f405xx.o(RESET)
 <LI><a href="#[1f]">CAN1_TX_IRQHandler</a> from startup_stm32f405xx.o(.text) referenced from startup_stm32f405xx.o(RESET)
 <LI><a href="#[4a]">CAN2_RX0_IRQHandler</a> from startup_stm32f405xx.o(.text) referenced from startup_stm32f405xx.o(RESET)
 <LI><a href="#[4b]">CAN2_RX1_IRQHandler</a> from startup_stm32f405xx.o(.text) referenced from startup_stm32f405xx.o(RESET)
 <LI><a href="#[4c]">CAN2_SCE_IRQHandler</a> from startup_stm32f405xx.o(.text) referenced from startup_stm32f405xx.o(RESET)
 <LI><a href="#[49]">CAN2_TX_IRQHandler</a> from startup_stm32f405xx.o(.text) referenced from startup_stm32f405xx.o(RESET)
 <LI><a href="#[c6]">ClirateSet</a> from sys_state.o(i.ClirateSet) referenced from rtx_cli.o(.constdata)
 <LI><a href="#[7b]">DDF2_Pack_RxServer_S</a> from ddf2pro.o(i.DDF2_Pack_RxServer_S) referenced from com_server.o(i.UART_TO_DDF2_CCB_Init_S)
 <LI><a href="#[17]">DMA1_Stream0_IRQHandler</a> from startup_stm32f405xx.o(.text) referenced from startup_stm32f405xx.o(RESET)
 <LI><a href="#[18]">DMA1_Stream1_IRQHandler</a> from m4_uart3.o(i.DMA1_Stream1_IRQHandler) referenced from startup_stm32f405xx.o(RESET)
 <LI><a href="#[19]">DMA1_Stream2_IRQHandler</a> from startup_stm32f405xx.o(.text) referenced from startup_stm32f405xx.o(RESET)
 <LI><a href="#[1a]">DMA1_Stream3_IRQHandler</a> from m4_uart3.o(i.DMA1_Stream3_IRQHandler) referenced from startup_stm32f405xx.o(RESET)
 <LI><a href="#[1b]">DMA1_Stream4_IRQHandler</a> from startup_stm32f405xx.o(.text) referenced from startup_stm32f405xx.o(RESET)
 <LI><a href="#[1c]">DMA1_Stream5_IRQHandler</a> from m4_uart2.o(i.DMA1_Stream5_IRQHandler) referenced from startup_stm32f405xx.o(RESET)
 <LI><a href="#[1d]">DMA1_Stream6_IRQHandler</a> from m4_uart2.o(i.DMA1_Stream6_IRQHandler) referenced from startup_stm32f405xx.o(RESET)
 <LI><a href="#[3b]">DMA1_Stream7_IRQHandler</a> from startup_stm32f405xx.o(.text) referenced from startup_stm32f405xx.o(RESET)
 <LI><a href="#[44]">DMA2_Stream0_IRQHandler</a> from startup_stm32f405xx.o(.text) referenced from startup_stm32f405xx.o(RESET)
 <LI><a href="#[45]">DMA2_Stream1_IRQHandler</a> from startup_stm32f405xx.o(.text) referenced from startup_stm32f405xx.o(RESET)
 <LI><a href="#[46]">DMA2_Stream2_IRQHandler</a> from startup_stm32f405xx.o(.text) referenced from startup_stm32f405xx.o(RESET)
 <LI><a href="#[47]">DMA2_Stream3_IRQHandler</a> from m4_sdio.o(i.DMA2_Stream3_IRQHandler) referenced from startup_stm32f405xx.o(RESET)
 <LI><a href="#[48]">DMA2_Stream4_IRQHandler</a> from startup_stm32f405xx.o(.text) referenced from startup_stm32f405xx.o(RESET)
 <LI><a href="#[4e]">DMA2_Stream5_IRQHandler</a> from m4_uart1.o(i.DMA2_Stream5_IRQHandler) referenced from startup_stm32f405xx.o(RESET)
 <LI><a href="#[4f]">DMA2_Stream6_IRQHandler</a> from m4_sdio.o(i.DMA2_Stream6_IRQHandler) referenced from startup_stm32f405xx.o(RESET)
 <LI><a href="#[50]">DMA2_Stream7_IRQHandler</a> from m4_uart1.o(i.DMA2_Stream7_IRQHandler) referenced from startup_stm32f405xx.o(RESET)
 <LI><a href="#[9]">DebugMon_Handler</a> from stm32f4xx_it.o(i.DebugMon_Handler) referenced from startup_stm32f405xx.o(RESET)
 <LI><a href="#[12]">EXTI0_IRQHandler</a> from startup_stm32f405xx.o(.text) referenced from startup_stm32f405xx.o(RESET)
 <LI><a href="#[34]">EXTI15_10_IRQHandler</a> from startup_stm32f405xx.o(.text) referenced from startup_stm32f405xx.o(RESET)
 <LI><a href="#[13]">EXTI1_IRQHandler</a> from startup_stm32f405xx.o(.text) referenced from startup_stm32f405xx.o(RESET)
 <LI><a href="#[14]">EXTI2_IRQHandler</a> from startup_stm32f405xx.o(.text) referenced from startup_stm32f405xx.o(RESET)
 <LI><a href="#[15]">EXTI3_IRQHandler</a> from startup_stm32f405xx.o(.text) referenced from startup_stm32f405xx.o(RESET)
 <LI><a href="#[16]">EXTI4_IRQHandler</a> from startup_stm32f405xx.o(.text) referenced from startup_stm32f405xx.o(RESET)
 <LI><a href="#[23]">EXTI9_5_IRQHandler</a> from startup_stm32f405xx.o(.text) referenced from startup_stm32f405xx.o(RESET)
 <LI><a href="#[10]">FLASH_IRQHandler</a> from startup_stm32f405xx.o(.text) referenced from startup_stm32f405xx.o(RESET)
 <LI><a href="#[3c]">FMC_IRQHandler</a> from startup_stm32f405xx.o(.text) referenced from startup_stm32f405xx.o(RESET)
 <LI><a href="#[59]">FPU_IRQHandler</a> from startup_stm32f405xx.o(.text) referenced from startup_stm32f405xx.o(RESET)
 <LI><a href="#[7c]">FY1000_Pack_RxServer_S</a> from fy1000pro.o(i.FY1000_Pack_RxServer_S) referenced from com_server.o(i.UART_TO_FY1000_CCB_Init_S)
 <LI><a href="#[7e]">FY188_Pack_RxServer_S</a> from fy188pro.o(i.FY188_Pack_RxServer_S) referenced from com_server.o(i.UART_TO_FY188_CCB_Init_S)
 <LI><a href="#[7f]">FY2000_Pack_RxServer_S</a> from fy2000pro.o(i.FY2000_Pack_RxServer_S) referenced from com_server.o(i.UART_TO_FY2000_CCB_Init_S)
 <LI><a href="#[6d]">GetKeyVal_K1</a> from keyboardapp.o(i.GetKeyVal_K1) referenced from keyboardapp.o(i.KeyboardApp_Init)
 <LI><a href="#[6f]">GetKeyVal_K2</a> from keyboardapp.o(i.GetKeyVal_K2) referenced from keyboardapp.o(i.KeyboardApp_Init)
 <LI><a href="#[71]">GetKeyVal_K3</a> from keyboardapp.o(i.GetKeyVal_K3) referenced from keyboardapp.o(i.KeyboardApp_Init)
 <LI><a href="#[73]">GetKeyVal_K4</a> from keyboardapp.o(i.GetKeyVal_K4) referenced from keyboardapp.o(i.KeyboardApp_Init)
 <LI><a href="#[75]">GetKeyVal_K5</a> from keyboardapp.o(i.GetKeyVal_K5) referenced from keyboardapp.o(i.KeyboardApp_Init)
 <LI><a href="#[77]">GetKeyVal_K6</a> from keyboardapp.o(i.GetKeyVal_K6) referenced from keyboardapp.o(i.KeyboardApp_Init)
 <LI><a href="#[58]">HASH_RNG_IRQHandler</a> from startup_stm32f405xx.o(.text) referenced from startup_stm32f405xx.o(RESET)
 <LI><a href="#[80]">HT2X188_Pack_RxServer_S</a> from ht2x188pro.o(i.HT2X188_Pack_RxServer_S) referenced from com_server.o(i.UART_TO_HT2X188_CCB_Init_S)
 <LI><a href="#[81]">HZCRL_Pack_RxServer_S</a> from hzcrl_xpro.o(i.HZCRL_Pack_RxServer_S) referenced from com_server.o(i.UART_TO_HZCRL_CCB_Init_S)
 <LI><a href="#[4]">HardFault_Handler</a> from stm32f4xx_it.o(i.HardFault_Handler) referenced from startup_stm32f405xx.o(RESET)
 <LI><a href="#[2c]">I2C1_ER_IRQHandler</a> from startup_stm32f405xx.o(.text) referenced from startup_stm32f405xx.o(RESET)
 <LI><a href="#[2b]">I2C1_EV_IRQHandler</a> from startup_stm32f405xx.o(.text) referenced from startup_stm32f405xx.o(RESET)
 <LI><a href="#[2e]">I2C2_ER_IRQHandler</a> from startup_stm32f405xx.o(.text) referenced from startup_stm32f405xx.o(RESET)
 <LI><a href="#[2d]">I2C2_EV_IRQHandler</a> from startup_stm32f405xx.o(.text) referenced from startup_stm32f405xx.o(RESET)
 <LI><a href="#[53]">I2C3_ER_IRQHandler</a> from startup_stm32f405xx.o(.text) referenced from startup_stm32f405xx.o(RESET)
 <LI><a href="#[52]">I2C3_EV_IRQHandler</a> from startup_stm32f405xx.o(.text) referenced from startup_stm32f405xx.o(RESET)
 <LI><a href="#[87]">IWDG_Guard</a> from watchdog.o(i.IWDG_Guard) referenced from watchdog.o(i.dogInit)
 <LI><a href="#[6c]">KeyOUT_K1</a> from keyboardapp.o(i.KeyOUT_K1) referenced from keyboardapp.o(i.KeyboardApp_Init)
 <LI><a href="#[6e]">KeyOUT_K2</a> from keyboardapp.o(i.KeyOUT_K2) referenced from keyboardapp.o(i.KeyboardApp_Init)
 <LI><a href="#[70]">KeyOUT_K3</a> from keyboardapp.o(i.KeyOUT_K3) referenced from keyboardapp.o(i.KeyboardApp_Init)
 <LI><a href="#[72]">KeyOUT_K4</a> from keyboardapp.o(i.KeyOUT_K4) referenced from keyboardapp.o(i.KeyboardApp_Init)
 <LI><a href="#[74]">KeyOUT_K5</a> from keyboardapp.o(i.KeyOUT_K5) referenced from keyboardapp.o(i.KeyboardApp_Init)
 <LI><a href="#[76]">KeyOUT_K6</a> from keyboardapp.o(i.KeyOUT_K6) referenced from keyboardapp.o(i.KeyboardApp_Init)
 <LI><a href="#[1]">Keyboard_GPIO_Init</a> from keyboard.o(i.Keyboard_GPIO_Init) referenced 2 times from indepkey.o(.data)
 <LI><a href="#[8a]">LEDBR_RebackFun</a> from led.o(i.LEDBR_RebackFun) referenced from main.o(i.main)
 <LI><a href="#[5]">MemManage_Handler</a> from stm32f4xx_it.o(i.MemManage_Handler) referenced from startup_stm32f405xx.o(RESET)
 <LI><a href="#[3]">NMI_Handler</a> from stm32f4xx_it.o(i.NMI_Handler) referenced from startup_stm32f405xx.o(RESET)
 <LI><a href="#[82]">NWK_Pack_RxServer_S</a> from nwkmodbus.o(i.NWK_Pack_RxServer_S) referenced from com_server.o(i.UART_TO_NWK_CCB_Init_S)
 <LI><a href="#[4d]">OTG_FS_IRQHandler</a> from startup_stm32f405xx.o(.text) referenced from startup_stm32f405xx.o(RESET)
 <LI><a href="#[36]">OTG_FS_WKUP_IRQHandler</a> from startup_stm32f405xx.o(.text) referenced from startup_stm32f405xx.o(RESET)
 <LI><a href="#[55]">OTG_HS_EP1_IN_IRQHandler</a> from startup_stm32f405xx.o(.text) referenced from startup_stm32f405xx.o(RESET)
 <LI><a href="#[54]">OTG_HS_EP1_OUT_IRQHandler</a> from startup_stm32f405xx.o(.text) referenced from startup_stm32f405xx.o(RESET)
 <LI><a href="#[57]">OTG_HS_IRQHandler</a> from startup_stm32f405xx.o(.text) referenced from startup_stm32f405xx.o(RESET)
 <LI><a href="#[56]">OTG_HS_WKUP_IRQHandler</a> from startup_stm32f405xx.o(.text) referenced from startup_stm32f405xx.o(RESET)
 <LI><a href="#[d]">PVD_IRQHandler</a> from startup_stm32f405xx.o(.text) referenced from startup_stm32f405xx.o(RESET)
 <LI><a href="#[a]">PendSV_Handler</a> from port.o(.emb_text) referenced from startup_stm32f405xx.o(RESET)
 <LI><a href="#[11]">RCC_IRQHandler</a> from startup_stm32f405xx.o(.text) referenced from startup_stm32f405xx.o(RESET)
 <LI><a href="#[35]">RTC_Alarm_IRQHandler</a> from startup_stm32f405xx.o(.text) referenced from startup_stm32f405xx.o(RESET)
 <LI><a href="#[f]">RTC_WKUP_IRQHandler</a> from startup_stm32f405xx.o(.text) referenced from startup_stm32f405xx.o(RESET)
 <LI><a href="#[2]">Reset_Handler</a> from startup_stm32f405xx.o(.text) referenced from startup_stm32f405xx.o(RESET)
 <LI><a href="#[3d]">SDIO_IRQHandler</a> from m4_sdio.o(i.SDIO_IRQHandler) referenced from startup_stm32f405xx.o(RESET)
 <LI><a href="#[64]">SD_DMAError</a> from stm32f4xx_hal_sd.o(i.SD_DMAError) referenced from stm32f4xx_hal_sd.o(i.HAL_SD_ReadBlocks_DMA)
 <LI><a href="#[64]">SD_DMAError</a> from stm32f4xx_hal_sd.o(i.SD_DMAError) referenced from stm32f4xx_hal_sd.o(i.HAL_SD_WriteBlocks_DMA)
 <LI><a href="#[63]">SD_DMAReceiveCplt</a> from stm32f4xx_hal_sd.o(i.SD_DMAReceiveCplt) referenced from stm32f4xx_hal_sd.o(i.HAL_SD_ReadBlocks_DMA)
 <LI><a href="#[62]">SD_DMARxAbort</a> from stm32f4xx_hal_sd.o(i.SD_DMARxAbort) referenced from stm32f4xx_hal_sd.o(i.HAL_SD_IRQHandler)
 <LI><a href="#[65]">SD_DMATransmitCplt</a> from stm32f4xx_hal_sd.o(i.SD_DMATransmitCplt) referenced from stm32f4xx_hal_sd.o(i.HAL_SD_WriteBlocks_DMA)
 <LI><a href="#[61]">SD_DMATxAbort</a> from stm32f4xx_hal_sd.o(i.SD_DMATxAbort) referenced from stm32f4xx_hal_sd.o(i.HAL_SD_IRQHandler)
 <LI><a href="#[9b]">SD_initialize</a> from sd_diskio.o(i.SD_initialize) referenced from sd_diskio.o(.constdata)
 <LI><a href="#[9f]">SD_ioctl</a> from sd_diskio.o(i.SD_ioctl) referenced from sd_diskio.o(.constdata)
 <LI><a href="#[9d]">SD_read</a> from sd_diskio.o(i.SD_read) referenced from sd_diskio.o(.constdata)
 <LI><a href="#[9c]">SD_status</a> from sd_diskio.o(i.SD_status) referenced from sd_diskio.o(.constdata)
 <LI><a href="#[9e]">SD_write</a> from sd_diskio.o(i.SD_write) referenced from sd_diskio.o(.constdata)
 <LI><a href="#[2f]">SPI1_IRQHandler</a> from startup_stm32f405xx.o(.text) referenced from startup_stm32f405xx.o(RESET)
 <LI><a href="#[30]">SPI2_IRQHandler</a> from startup_stm32f405xx.o(.text) referenced from startup_stm32f405xx.o(RESET)
 <LI><a href="#[3f]">SPI3_IRQHandler</a> from startup_stm32f405xx.o(.text) referenced from startup_stm32f405xx.o(RESET)
 <LI><a href="#[8]">SVC_Handler</a> from port.o(.emb_text) referenced from startup_stm32f405xx.o(RESET)
 <LI><a href="#[b]">SysTick_Handler</a> from stm32f4xx_it.o(i.SysTick_Handler) referenced from startup_stm32f405xx.o(RESET)
 <LI><a href="#[5b]">SystemInit</a> from system_stm32f4xx.o(i.SystemInit) referenced from startup_stm32f405xx.o(.text)
 <LI><a href="#[e]">TAMP_STAMP_IRQHandler</a> from startup_stm32f405xx.o(.text) referenced from startup_stm32f405xx.o(RESET)
 <LI><a href="#[24]">TIM1_BRK_TIM9_IRQHandler</a> from startup_stm32f405xx.o(.text) referenced from startup_stm32f405xx.o(RESET)
 <LI><a href="#[27]">TIM1_CC_IRQHandler</a> from startup_stm32f405xx.o(.text) referenced from startup_stm32f405xx.o(RESET)
 <LI><a href="#[26]">TIM1_TRG_COM_TIM11_IRQHandler</a> from startup_stm32f405xx.o(.text) referenced from startup_stm32f405xx.o(RESET)
 <LI><a href="#[25]">TIM1_UP_TIM10_IRQHandler</a> from startup_stm32f405xx.o(.text) referenced from startup_stm32f405xx.o(RESET)
 <LI><a href="#[28]">TIM2_IRQHandler</a> from startup_stm32f405xx.o(.text) referenced from startup_stm32f405xx.o(RESET)
 <LI><a href="#[29]">TIM3_IRQHandler</a> from stm32f4xx_it.o(i.TIM3_IRQHandler) referenced from startup_stm32f405xx.o(RESET)
 <LI><a href="#[2a]">TIM4_IRQHandler</a> from startup_stm32f405xx.o(.text) referenced from startup_stm32f405xx.o(RESET)
 <LI><a href="#[3e]">TIM5_IRQHandler</a> from startup_stm32f405xx.o(.text) referenced from startup_stm32f405xx.o(RESET)
 <LI><a href="#[42]">TIM6_DAC_IRQHandler</a> from startup_stm32f405xx.o(.text) referenced from startup_stm32f405xx.o(RESET)
 <LI><a href="#[43]">TIM7_IRQHandler</a> from startup_stm32f405xx.o(.text) referenced from startup_stm32f405xx.o(RESET)
 <LI><a href="#[37]">TIM8_BRK_TIM12_IRQHandler</a> from startup_stm32f405xx.o(.text) referenced from startup_stm32f405xx.o(RESET)
 <LI><a href="#[3a]">TIM8_CC_IRQHandler</a> from startup_stm32f405xx.o(.text) referenced from startup_stm32f405xx.o(RESET)
 <LI><a href="#[39]">TIM8_TRG_COM_TIM14_IRQHandler</a> from startup_stm32f405xx.o(.text) referenced from startup_stm32f405xx.o(RESET)
 <LI><a href="#[38]">TIM8_UP_TIM13_IRQHandler</a> from startup_stm32f405xx.o(.text) referenced from startup_stm32f405xx.o(RESET)
 <LI><a href="#[8b]">Task01_F</a> from main.o(i.Task01_F) referenced from main.o(i.main)
 <LI><a href="#[8c]">Task02_F</a> from main.o(i.Task02_F) referenced from main.o(i.main)
 <LI><a href="#[8d]">Task03_F</a> from main.o(i.Task03_F) referenced from main.o(i.main)
 <LI><a href="#[8e]">Task04_F</a> from main.o(i.Task04_F) referenced from main.o(i.main)
 <LI><a href="#[8f]">Task05_F</a> from main.o(i.Task05_F) referenced from main.o(i.main)
 <LI><a href="#[90]">Task06_F</a> from main.o(i.Task06_F) referenced from main.o(i.main)
 <LI><a href="#[91]">Task07_F</a> from main.o(i.Task07_F) referenced from main.o(i.main)
 <LI><a href="#[92]">Task08_F</a> from main.o(i.Task08_F) referenced from main.o(i.main)
 <LI><a href="#[93]">Task09_F</a> from main.o(i.Task09_F) referenced from main.o(i.main)
 <LI><a href="#[94]">Task10_F</a> from main.o(i.Task10_F) referenced from main.o(i.main)
 <LI><a href="#[96]">Task12_F</a> from main.o(i.Task12_F) referenced from main.o(i.main)
 <LI><a href="#[97]">Task13_F</a> from main.o(i.Task13_F) referenced from main.o(i.main)
 <LI><a href="#[95]">TaskCli</a> from main.o(i.TaskCli) referenced from main.o(i.main)
 <LI><a href="#[a0]">Timer01Callback</a> from main.o(i.Timer01Callback) referenced from main.o(.constdata)
 <LI><a href="#[40]">UART4_IRQHandler</a> from startup_stm32f405xx.o(.text) referenced from startup_stm32f405xx.o(RESET)
 <LI><a href="#[41]">UART5_IRQHandler</a> from startup_stm32f405xx.o(.text) referenced from startup_stm32f405xx.o(RESET)
 <LI><a href="#[66]">UART_DMAAbortOnError</a> from stm32f4xx_hal_uart.o(i.UART_DMAAbortOnError) referenced from stm32f4xx_hal_uart.o(i.HAL_UART_IRQHandler)
 <LI><a href="#[69]">UART_DMAError</a> from stm32f4xx_hal_uart.o(i.UART_DMAError) referenced from stm32f4xx_hal_uart.o(i.HAL_UART_Receive_DMA)
 <LI><a href="#[69]">UART_DMAError</a> from stm32f4xx_hal_uart.o(i.UART_DMAError) referenced from stm32f4xx_hal_uart.o(i.HAL_UART_Transmit_DMA)
 <LI><a href="#[67]">UART_DMAReceiveCplt</a> from stm32f4xx_hal_uart.o(i.UART_DMAReceiveCplt) referenced from stm32f4xx_hal_uart.o(i.HAL_UART_Receive_DMA)
 <LI><a href="#[68]">UART_DMARxHalfCplt</a> from stm32f4xx_hal_uart.o(i.UART_DMARxHalfCplt) referenced from stm32f4xx_hal_uart.o(i.HAL_UART_Receive_DMA)
 <LI><a href="#[6a]">UART_DMATransmitCplt</a> from stm32f4xx_hal_uart.o(i.UART_DMATransmitCplt) referenced from stm32f4xx_hal_uart.o(i.HAL_UART_Transmit_DMA)
 <LI><a href="#[6b]">UART_DMATxHalfCplt</a> from stm32f4xx_hal_uart.o(i.UART_DMATxHalfCplt) referenced from stm32f4xx_hal_uart.o(i.HAL_UART_Transmit_DMA)
 <LI><a href="#[31]">USART1_IRQHandler</a> from m4_uart1.o(i.USART1_IRQHandler) referenced from startup_stm32f405xx.o(RESET)
 <LI><a href="#[32]">USART2_IRQHandler</a> from m4_uart2.o(i.USART2_IRQHandler) referenced from startup_stm32f405xx.o(RESET)
 <LI><a href="#[33]">USART3_IRQHandler</a> from m4_uart3.o(i.USART3_IRQHandler) referenced from startup_stm32f405xx.o(RESET)
 <LI><a href="#[51]">USART6_IRQHandler</a> from startup_stm32f405xx.o(.text) referenced from startup_stm32f405xx.o(RESET)
 <LI><a href="#[7]">UsageFault_Handler</a> from stm32f4xx_it.o(i.UsageFault_Handler) referenced from startup_stm32f405xx.o(RESET)
 <LI><a href="#[c]">WWDG_IRQHandler</a> from startup_stm32f405xx.o(.text) referenced from startup_stm32f405xx.o(RESET)
 <LI><a href="#[83]">XY188_Pack_RxServer_S</a> from xy188pro.o(i.XY188_Pack_RxServer_S) referenced from com_server.o(i.UART_TO_XY188_CCB_Init_S)
 <LI><a href="#[5c]">__main</a> from entry.o(.ARM.Collect$$$$00000000) referenced from startup_stm32f405xx.o(.text)
 <LI><a href="#[5e]">_sbackspace</a> from _sgetc.o(.text) referenced from __0sscanf.o(.text)
 <LI><a href="#[5f]">_scanf_char_input</a> from scanf_char.o(.text) referenced from scanf_char.o(.text)
 <LI><a href="#[5d]">_sgetc</a> from _sgetc.o(.text) referenced from __0sscanf.o(.text)
 <LI><a href="#[85]">_snputc</a> from printfa.o(i._snputc) referenced from printfa.o(i.__0snprintf)
 <LI><a href="#[86]">_sputc</a> from printfa.o(i._sputc) referenced from printfa.o(i.__0sprintf)
 <LI><a href="#[be]">alarm</a> from debug.o(i.alarm) referenced from rtx_cli.o(.constdata)
 <LI><a href="#[bf]">changedevnum</a> from debug.o(i.changedevnum) referenced from rtx_cli.o(.constdata)
 <LI><a href="#[a6]">clear_screen</a> from rtx_cli.o(i.clear_screen) referenced from rtx_cli.o(.constdata)
 <LI><a href="#[a3]">cli_exit_handler</a> from rtx_cli.o(i.cli_exit_handler) referenced from rtx_cli.o(.constdata)
 <LI><a href="#[c5]">ddf2ctrl</a> from sys_state.o(i.ddf2ctrl) referenced from rtx_cli.o(.constdata)
 <LI><a href="#[bd]">devchange</a> from sys_state.o(i.devchange) referenced from rtx_cli.o(.constdata)
 <LI><a href="#[af]">devicedata</a> from sys_state.o(i.devicedata) referenced from rtx_cli.o(.constdata)
 <LI><a href="#[b5]">devicedatareset</a> from sys_state.o(i.devicedatareset) referenced from rtx_cli.o(.constdata)
 <LI><a href="#[ad]">devicepara</a> from sys_state.o(i.devicepara) referenced from rtx_cli.o(.constdata)
 <LI><a href="#[b3]">deviceparareset</a> from sys_state.o(i.deviceparareset) referenced from rtx_cli.o(.constdata)
 <LI><a href="#[b0]">devicestatus</a> from sys_state.o(i.devicestatus) referenced from rtx_cli.o(.constdata)
 <LI><a href="#[84]">fputc</a> from m4_uart1.o(i.fputc) referenced from printfa.o(i.__0printf)
 <LI><a href="#[a2]">get_version</a> from debug.o(i.get_version) referenced from rtx_cli.o(.constdata)
 <LI><a href="#[a1]">help_command</a> from rtx_cli.o(i.help_command) referenced from rtx_cli.o(.constdata)
 <LI><a href="#[60]">isspace</a> from isspace_o.o(.text) referenced from scanf_char.o(.text)
 <LI><a href="#[5a]">main</a> from main.o(i.main) referenced from entry9a.o(.ARM.Collect$$$$0000000B)
 <LI><a href="#[ba]">mem</a> from debug.o(i.mem) referenced from rtx_cli.o(.constdata)
 <LI><a href="#[c4]">powrelayctrl</a> from sys_state.o(i.powrelayctrl) referenced from rtx_cli.o(.constdata)
 <LI><a href="#[aa]">printServer</a> from debug.o(i.printServer) referenced from rtx_cli.o(.constdata)
 <LI><a href="#[a7]">printenv</a> from sys_state.o(i.printenv) referenced from rtx_cli.o(.constdata)
 <LI><a href="#[99]">prvIdleTask</a> from tasks.o(i.prvIdleTask) referenced from tasks.o(i.vTaskStartScheduler)
 <LI><a href="#[98]">prvTaskExitError</a> from port.o(i.prvTaskExitError) referenced from port.o(i.pxPortInitialiseStack)
 <LI><a href="#[9a]">prvTimerTask</a> from timers.o(i.prvTimerTask) referenced from timers.o(i.xTimerCreateTimerTask)
 <LI><a href="#[ab]">ps</a> from debug.o(i.ps) referenced from rtx_cli.o(.constdata)
 <LI><a href="#[a4]">reboot</a> from debug.o(i.reboot) referenced from rtx_cli.o(.constdata)
 <LI><a href="#[bc]">saveData</a> from debug.o(i.saveData) referenced from rtx_cli.o(.constdata)
 <LI><a href="#[a8]">setEnvParameter</a> from debug.o(i.setEnvParameter) referenced from rtx_cli.o(.constdata)
 <LI><a href="#[a9]">setServer</a> from debug.o(i.setServer) referenced from rtx_cli.o(.constdata)
 <LI><a href="#[c1]">setread</a> from sys_state.o(i.setread) referenced from rtx_cli.o(.constdata)
 <LI><a href="#[c2]">setsend</a> from sys_state.o(i.setsend) referenced from rtx_cli.o(.constdata)
 <LI><a href="#[c3]">setshare</a> from sys_state.o(i.setshare) referenced from rtx_cli.o(.constdata)
 <LI><a href="#[c0]">setsn</a> from sys_state.o(i.setsn) referenced from rtx_cli.o(.constdata)
 <LI><a href="#[bb]">setsystype</a> from sys_state.o(i.setsystype) referenced from rtx_cli.o(.constdata)
 <LI><a href="#[b7]">settime</a> from sys_state.o(i.settime) referenced from rtx_cli.o(.constdata)
 <LI><a href="#[b9]">settime_f</a> from sys_state.o(i.settime_f) referenced from rtx_cli.o(.constdata)
 <LI><a href="#[b8]">settime_s</a> from sys_state.o(i.settime_s) referenced from rtx_cli.o(.constdata)
 <LI><a href="#[b6]">sysdataresetall</a> from sys_state.o(i.sysdataresetall) referenced from rtx_cli.o(.constdata)
 <LI><a href="#[c7]">sysdebug_Command</a> from rtx_cli.o(i.sysdebug_Command) referenced from rtx_cli.o(.constdata)
 <LI><a href="#[b1]">systemparareset</a> from sys_state.o(i.systemparareset) referenced from rtx_cli.o(.constdata)
 <LI><a href="#[a5]">uptime_Command</a> from debug.o(i.uptime_Command) referenced from rtx_cli.o(.constdata)
 <LI><a href="#[ae]">userdata</a> from sys_state.o(i.userdata) referenced from rtx_cli.o(.constdata)
 <LI><a href="#[b4]">userdatareset</a> from sys_state.o(i.userdatareset) referenced from rtx_cli.o(.constdata)
 <LI><a href="#[ac]">userpara</a> from sys_state.o(i.userpara) referenced from rtx_cli.o(.constdata)
 <LI><a href="#[b2]">userparareset</a> from sys_state.o(i.userparareset) referenced from rtx_cli.o(.constdata)
</UL>
<P>
<H3>
Global Symbols
</H3>
<P><STRONG><a name="[5c]"></a>__main</STRONG> (Thumb, 0 bytes, Stack size unknown bytes, entry.o(.ARM.Collect$$$$00000000))
<BR>[Address Reference Count : 1]<UL><LI> startup_stm32f405xx.o(.text)
</UL>
<P><STRONG><a name="[3e8]"></a>_main_stk</STRONG> (Thumb, 0 bytes, Stack size unknown bytes, entry2.o(.ARM.Collect$$$$00000001))

<P><STRONG><a name="[c8]"></a>_main_scatterload</STRONG> (Thumb, 0 bytes, Stack size unknown bytes, entry5.o(.ARM.Collect$$$$00000004))
<BR><BR>[Calls]<UL><LI><a href="#[c9]">&gt;&gt;</a>&nbsp;&nbsp;&nbsp;__scatterload
</UL>

<P><STRONG><a name="[e9]"></a>__main_after_scatterload</STRONG> (Thumb, 0 bytes, Stack size unknown bytes, entry5.o(.ARM.Collect$$$$00000004))
<BR><BR>[Called By]<UL><LI><a href="#[c9]">&gt;&gt;</a>&nbsp;&nbsp;&nbsp;__scatterload
</UL>

<P><STRONG><a name="[3e9]"></a>_main_clock</STRONG> (Thumb, 0 bytes, Stack size unknown bytes, entry7b.o(.ARM.Collect$$$$00000008))

<P><STRONG><a name="[3ea]"></a>_main_cpp_init</STRONG> (Thumb, 0 bytes, Stack size unknown bytes, entry8b.o(.ARM.Collect$$$$0000000A))

<P><STRONG><a name="[3eb]"></a>_main_init</STRONG> (Thumb, 0 bytes, Stack size unknown bytes, entry9a.o(.ARM.Collect$$$$0000000B))

<P><STRONG><a name="[3ec]"></a>__rt_final_cpp</STRONG> (Thumb, 0 bytes, Stack size unknown bytes, entry10a.o(.ARM.Collect$$$$0000000D))

<P><STRONG><a name="[3ed]"></a>__rt_final_exit</STRONG> (Thumb, 0 bytes, Stack size unknown bytes, entry11a.o(.ARM.Collect$$$$0000000F))

<P><STRONG><a name="[8]"></a>SVC_Handler</STRONG> (Thumb, 28 bytes, Stack size 0 bytes, port.o(.emb_text))
<BR>[Address Reference Count : 1]<UL><LI> startup_stm32f405xx.o(RESET)
</UL>
<P><STRONG><a name="[3e2]"></a>__asm___6_port_c_39a90d8d__prvStartFirstTask</STRONG> (Thumb, 28 bytes, Stack size 0 bytes, port.o(.emb_text))
<BR><BR>[Called By]<UL><LI><a href="#[3db]">&gt;&gt;</a>&nbsp;&nbsp;&nbsp;xPortStartScheduler
</UL>

<P><STRONG><a name="[3e1]"></a>__asm___6_port_c_39a90d8d__prvEnableVFP</STRONG> (Thumb, 16 bytes, Stack size 0 bytes, port.o(.emb_text))
<BR><BR>[Called By]<UL><LI><a href="#[3db]">&gt;&gt;</a>&nbsp;&nbsp;&nbsp;xPortStartScheduler
</UL>

<P><STRONG><a name="[a]"></a>PendSV_Handler</STRONG> (Thumb, 92 bytes, Stack size 0 bytes, port.o(.emb_text))
<BR><BR>[Calls]<UL><LI><a href="#[ca]">&gt;&gt;</a>&nbsp;&nbsp;&nbsp;vTaskSwitchContext
</UL>
<BR>[Address Reference Count : 1]<UL><LI> startup_stm32f405xx.o(RESET)
</UL>
<P><STRONG><a name="[3d3]"></a>vPortGetIPSR</STRONG> (Thumb, 6 bytes, Stack size 0 bytes, port.o(.emb_text))
<BR><BR>[Called By]<UL><LI><a href="#[3d2]">&gt;&gt;</a>&nbsp;&nbsp;&nbsp;vPortValidateInterruptPriority
</UL>

<P><STRONG><a name="[2]"></a>Reset_Handler</STRONG> (Thumb, 8 bytes, Stack size 0 bytes, startup_stm32f405xx.o(.text))
<BR>[Address Reference Count : 1]<UL><LI> startup_stm32f405xx.o(RESET)
</UL>
<P><STRONG><a name="[1e]"></a>ADC_IRQHandler</STRONG> (Thumb, 0 bytes, Stack size 0 bytes, startup_stm32f405xx.o(.text))
<BR><BR>[Calls]<UL><LI><a href="#[1e]">&gt;&gt;</a>&nbsp;&nbsp;&nbsp;ADC_IRQHandler
</UL>
<BR>[Called By]<UL><LI><a href="#[1e]">&gt;&gt;</a>&nbsp;&nbsp;&nbsp;ADC_IRQHandler
</UL>
<BR>[Address Reference Count : 1]<UL><LI> startup_stm32f405xx.o(RESET)
</UL>
<P><STRONG><a name="[20]"></a>CAN1_RX0_IRQHandler</STRONG> (Thumb, 0 bytes, Stack size 0 bytes, startup_stm32f405xx.o(.text))
<BR>[Address Reference Count : 1]<UL><LI> startup_stm32f405xx.o(RESET)
</UL>
<P><STRONG><a name="[21]"></a>CAN1_RX1_IRQHandler</STRONG> (Thumb, 0 bytes, Stack size 0 bytes, startup_stm32f405xx.o(.text))
<BR>[Address Reference Count : 1]<UL><LI> startup_stm32f405xx.o(RESET)
</UL>
<P><STRONG><a name="[22]"></a>CAN1_SCE_IRQHandler</STRONG> (Thumb, 0 bytes, Stack size 0 bytes, startup_stm32f405xx.o(.text))
<BR>[Address Reference Count : 1]<UL><LI> startup_stm32f405xx.o(RESET)
</UL>
<P><STRONG><a name="[1f]"></a>CAN1_TX_IRQHandler</STRONG> (Thumb, 0 bytes, Stack size 0 bytes, startup_stm32f405xx.o(.text))
<BR>[Address Reference Count : 1]<UL><LI> startup_stm32f405xx.o(RESET)
</UL>
<P><STRONG><a name="[4a]"></a>CAN2_RX0_IRQHandler</STRONG> (Thumb, 0 bytes, Stack size 0 bytes, startup_stm32f405xx.o(.text))
<BR>[Address Reference Count : 1]<UL><LI> startup_stm32f405xx.o(RESET)
</UL>
<P><STRONG><a name="[4b]"></a>CAN2_RX1_IRQHandler</STRONG> (Thumb, 0 bytes, Stack size 0 bytes, startup_stm32f405xx.o(.text))
<BR>[Address Reference Count : 1]<UL><LI> startup_stm32f405xx.o(RESET)
</UL>
<P><STRONG><a name="[4c]"></a>CAN2_SCE_IRQHandler</STRONG> (Thumb, 0 bytes, Stack size 0 bytes, startup_stm32f405xx.o(.text))
<BR>[Address Reference Count : 1]<UL><LI> startup_stm32f405xx.o(RESET)
</UL>
<P><STRONG><a name="[49]"></a>CAN2_TX_IRQHandler</STRONG> (Thumb, 0 bytes, Stack size 0 bytes, startup_stm32f405xx.o(.text))
<BR>[Address Reference Count : 1]<UL><LI> startup_stm32f405xx.o(RESET)
</UL>
<P><STRONG><a name="[17]"></a>DMA1_Stream0_IRQHandler</STRONG> (Thumb, 0 bytes, Stack size 0 bytes, startup_stm32f405xx.o(.text))
<BR>[Address Reference Count : 1]<UL><LI> startup_stm32f405xx.o(RESET)
</UL>
<P><STRONG><a name="[19]"></a>DMA1_Stream2_IRQHandler</STRONG> (Thumb, 0 bytes, Stack size 0 bytes, startup_stm32f405xx.o(.text))
<BR>[Address Reference Count : 1]<UL><LI> startup_stm32f405xx.o(RESET)
</UL>
<P><STRONG><a name="[1b]"></a>DMA1_Stream4_IRQHandler</STRONG> (Thumb, 0 bytes, Stack size 0 bytes, startup_stm32f405xx.o(.text))
<BR>[Address Reference Count : 1]<UL><LI> startup_stm32f405xx.o(RESET)
</UL>
<P><STRONG><a name="[3b]"></a>DMA1_Stream7_IRQHandler</STRONG> (Thumb, 0 bytes, Stack size 0 bytes, startup_stm32f405xx.o(.text))
<BR>[Address Reference Count : 1]<UL><LI> startup_stm32f405xx.o(RESET)
</UL>
<P><STRONG><a name="[44]"></a>DMA2_Stream0_IRQHandler</STRONG> (Thumb, 0 bytes, Stack size 0 bytes, startup_stm32f405xx.o(.text))
<BR>[Address Reference Count : 1]<UL><LI> startup_stm32f405xx.o(RESET)
</UL>
<P><STRONG><a name="[45]"></a>DMA2_Stream1_IRQHandler</STRONG> (Thumb, 0 bytes, Stack size 0 bytes, startup_stm32f405xx.o(.text))
<BR>[Address Reference Count : 1]<UL><LI> startup_stm32f405xx.o(RESET)
</UL>
<P><STRONG><a name="[46]"></a>DMA2_Stream2_IRQHandler</STRONG> (Thumb, 0 bytes, Stack size 0 bytes, startup_stm32f405xx.o(.text))
<BR>[Address Reference Count : 1]<UL><LI> startup_stm32f405xx.o(RESET)
</UL>
<P><STRONG><a name="[48]"></a>DMA2_Stream4_IRQHandler</STRONG> (Thumb, 0 bytes, Stack size 0 bytes, startup_stm32f405xx.o(.text))
<BR>[Address Reference Count : 1]<UL><LI> startup_stm32f405xx.o(RESET)
</UL>
<P><STRONG><a name="[12]"></a>EXTI0_IRQHandler</STRONG> (Thumb, 0 bytes, Stack size 0 bytes, startup_stm32f405xx.o(.text))
<BR>[Address Reference Count : 1]<UL><LI> startup_stm32f405xx.o(RESET)
</UL>
<P><STRONG><a name="[34]"></a>EXTI15_10_IRQHandler</STRONG> (Thumb, 0 bytes, Stack size 0 bytes, startup_stm32f405xx.o(.text))
<BR>[Address Reference Count : 1]<UL><LI> startup_stm32f405xx.o(RESET)
</UL>
<P><STRONG><a name="[13]"></a>EXTI1_IRQHandler</STRONG> (Thumb, 0 bytes, Stack size 0 bytes, startup_stm32f405xx.o(.text))
<BR>[Address Reference Count : 1]<UL><LI> startup_stm32f405xx.o(RESET)
</UL>
<P><STRONG><a name="[14]"></a>EXTI2_IRQHandler</STRONG> (Thumb, 0 bytes, Stack size 0 bytes, startup_stm32f405xx.o(.text))
<BR>[Address Reference Count : 1]<UL><LI> startup_stm32f405xx.o(RESET)
</UL>
<P><STRONG><a name="[15]"></a>EXTI3_IRQHandler</STRONG> (Thumb, 0 bytes, Stack size 0 bytes, startup_stm32f405xx.o(.text))
<BR>[Address Reference Count : 1]<UL><LI> startup_stm32f405xx.o(RESET)
</UL>
<P><STRONG><a name="[16]"></a>EXTI4_IRQHandler</STRONG> (Thumb, 0 bytes, Stack size 0 bytes, startup_stm32f405xx.o(.text))
<BR>[Address Reference Count : 1]<UL><LI> startup_stm32f405xx.o(RESET)
</UL>
<P><STRONG><a name="[23]"></a>EXTI9_5_IRQHandler</STRONG> (Thumb, 0 bytes, Stack size 0 bytes, startup_stm32f405xx.o(.text))
<BR>[Address Reference Count : 1]<UL><LI> startup_stm32f405xx.o(RESET)
</UL>
<P><STRONG><a name="[10]"></a>FLASH_IRQHandler</STRONG> (Thumb, 0 bytes, Stack size 0 bytes, startup_stm32f405xx.o(.text))
<BR>[Address Reference Count : 1]<UL><LI> startup_stm32f405xx.o(RESET)
</UL>
<P><STRONG><a name="[3c]"></a>FMC_IRQHandler</STRONG> (Thumb, 0 bytes, Stack size 0 bytes, startup_stm32f405xx.o(.text))
<BR>[Address Reference Count : 1]<UL><LI> startup_stm32f405xx.o(RESET)
</UL>
<P><STRONG><a name="[59]"></a>FPU_IRQHandler</STRONG> (Thumb, 0 bytes, Stack size 0 bytes, startup_stm32f405xx.o(.text))
<BR>[Address Reference Count : 1]<UL><LI> startup_stm32f405xx.o(RESET)
</UL>
<P><STRONG><a name="[58]"></a>HASH_RNG_IRQHandler</STRONG> (Thumb, 0 bytes, Stack size 0 bytes, startup_stm32f405xx.o(.text))
<BR>[Address Reference Count : 1]<UL><LI> startup_stm32f405xx.o(RESET)
</UL>
<P><STRONG><a name="[2c]"></a>I2C1_ER_IRQHandler</STRONG> (Thumb, 0 bytes, Stack size 0 bytes, startup_stm32f405xx.o(.text))
<BR>[Address Reference Count : 1]<UL><LI> startup_stm32f405xx.o(RESET)
</UL>
<P><STRONG><a name="[2b]"></a>I2C1_EV_IRQHandler</STRONG> (Thumb, 0 bytes, Stack size 0 bytes, startup_stm32f405xx.o(.text))
<BR>[Address Reference Count : 1]<UL><LI> startup_stm32f405xx.o(RESET)
</UL>
<P><STRONG><a name="[2e]"></a>I2C2_ER_IRQHandler</STRONG> (Thumb, 0 bytes, Stack size 0 bytes, startup_stm32f405xx.o(.text))
<BR>[Address Reference Count : 1]<UL><LI> startup_stm32f405xx.o(RESET)
</UL>
<P><STRONG><a name="[2d]"></a>I2C2_EV_IRQHandler</STRONG> (Thumb, 0 bytes, Stack size 0 bytes, startup_stm32f405xx.o(.text))
<BR>[Address Reference Count : 1]<UL><LI> startup_stm32f405xx.o(RESET)
</UL>
<P><STRONG><a name="[53]"></a>I2C3_ER_IRQHandler</STRONG> (Thumb, 0 bytes, Stack size 0 bytes, startup_stm32f405xx.o(.text))
<BR>[Address Reference Count : 1]<UL><LI> startup_stm32f405xx.o(RESET)
</UL>
<P><STRONG><a name="[52]"></a>I2C3_EV_IRQHandler</STRONG> (Thumb, 0 bytes, Stack size 0 bytes, startup_stm32f405xx.o(.text))
<BR>[Address Reference Count : 1]<UL><LI> startup_stm32f405xx.o(RESET)
</UL>
<P><STRONG><a name="[4d]"></a>OTG_FS_IRQHandler</STRONG> (Thumb, 0 bytes, Stack size 0 bytes, startup_stm32f405xx.o(.text))
<BR>[Address Reference Count : 1]<UL><LI> startup_stm32f405xx.o(RESET)
</UL>
<P><STRONG><a name="[36]"></a>OTG_FS_WKUP_IRQHandler</STRONG> (Thumb, 0 bytes, Stack size 0 bytes, startup_stm32f405xx.o(.text))
<BR>[Address Reference Count : 1]<UL><LI> startup_stm32f405xx.o(RESET)
</UL>
<P><STRONG><a name="[55]"></a>OTG_HS_EP1_IN_IRQHandler</STRONG> (Thumb, 0 bytes, Stack size 0 bytes, startup_stm32f405xx.o(.text))
<BR>[Address Reference Count : 1]<UL><LI> startup_stm32f405xx.o(RESET)
</UL>
<P><STRONG><a name="[54]"></a>OTG_HS_EP1_OUT_IRQHandler</STRONG> (Thumb, 0 bytes, Stack size 0 bytes, startup_stm32f405xx.o(.text))
<BR>[Address Reference Count : 1]<UL><LI> startup_stm32f405xx.o(RESET)
</UL>
<P><STRONG><a name="[57]"></a>OTG_HS_IRQHandler</STRONG> (Thumb, 0 bytes, Stack size 0 bytes, startup_stm32f405xx.o(.text))
<BR>[Address Reference Count : 1]<UL><LI> startup_stm32f405xx.o(RESET)
</UL>
<P><STRONG><a name="[56]"></a>OTG_HS_WKUP_IRQHandler</STRONG> (Thumb, 0 bytes, Stack size 0 bytes, startup_stm32f405xx.o(.text))
<BR>[Address Reference Count : 1]<UL><LI> startup_stm32f405xx.o(RESET)
</UL>
<P><STRONG><a name="[d]"></a>PVD_IRQHandler</STRONG> (Thumb, 0 bytes, Stack size 0 bytes, startup_stm32f405xx.o(.text))
<BR>[Address Reference Count : 1]<UL><LI> startup_stm32f405xx.o(RESET)
</UL>
<P><STRONG><a name="[11]"></a>RCC_IRQHandler</STRONG> (Thumb, 0 bytes, Stack size 0 bytes, startup_stm32f405xx.o(.text))
<BR>[Address Reference Count : 1]<UL><LI> startup_stm32f405xx.o(RESET)
</UL>
<P><STRONG><a name="[35]"></a>RTC_Alarm_IRQHandler</STRONG> (Thumb, 0 bytes, Stack size 0 bytes, startup_stm32f405xx.o(.text))
<BR>[Address Reference Count : 1]<UL><LI> startup_stm32f405xx.o(RESET)
</UL>
<P><STRONG><a name="[f]"></a>RTC_WKUP_IRQHandler</STRONG> (Thumb, 0 bytes, Stack size 0 bytes, startup_stm32f405xx.o(.text))
<BR>[Address Reference Count : 1]<UL><LI> startup_stm32f405xx.o(RESET)
</UL>
<P><STRONG><a name="[2f]"></a>SPI1_IRQHandler</STRONG> (Thumb, 0 bytes, Stack size 0 bytes, startup_stm32f405xx.o(.text))
<BR>[Address Reference Count : 1]<UL><LI> startup_stm32f405xx.o(RESET)
</UL>
<P><STRONG><a name="[30]"></a>SPI2_IRQHandler</STRONG> (Thumb, 0 bytes, Stack size 0 bytes, startup_stm32f405xx.o(.text))
<BR>[Address Reference Count : 1]<UL><LI> startup_stm32f405xx.o(RESET)
</UL>
<P><STRONG><a name="[3f]"></a>SPI3_IRQHandler</STRONG> (Thumb, 0 bytes, Stack size 0 bytes, startup_stm32f405xx.o(.text))
<BR>[Address Reference Count : 1]<UL><LI> startup_stm32f405xx.o(RESET)
</UL>
<P><STRONG><a name="[e]"></a>TAMP_STAMP_IRQHandler</STRONG> (Thumb, 0 bytes, Stack size 0 bytes, startup_stm32f405xx.o(.text))
<BR>[Address Reference Count : 1]<UL><LI> startup_stm32f405xx.o(RESET)
</UL>
<P><STRONG><a name="[24]"></a>TIM1_BRK_TIM9_IRQHandler</STRONG> (Thumb, 0 bytes, Stack size 0 bytes, startup_stm32f405xx.o(.text))
<BR>[Address Reference Count : 1]<UL><LI> startup_stm32f405xx.o(RESET)
</UL>
<P><STRONG><a name="[27]"></a>TIM1_CC_IRQHandler</STRONG> (Thumb, 0 bytes, Stack size 0 bytes, startup_stm32f405xx.o(.text))
<BR>[Address Reference Count : 1]<UL><LI> startup_stm32f405xx.o(RESET)
</UL>
<P><STRONG><a name="[26]"></a>TIM1_TRG_COM_TIM11_IRQHandler</STRONG> (Thumb, 0 bytes, Stack size 0 bytes, startup_stm32f405xx.o(.text))
<BR>[Address Reference Count : 1]<UL><LI> startup_stm32f405xx.o(RESET)
</UL>
<P><STRONG><a name="[25]"></a>TIM1_UP_TIM10_IRQHandler</STRONG> (Thumb, 0 bytes, Stack size 0 bytes, startup_stm32f405xx.o(.text))
<BR>[Address Reference Count : 1]<UL><LI> startup_stm32f405xx.o(RESET)
</UL>
<P><STRONG><a name="[28]"></a>TIM2_IRQHandler</STRONG> (Thumb, 0 bytes, Stack size 0 bytes, startup_stm32f405xx.o(.text))
<BR>[Address Reference Count : 1]<UL><LI> startup_stm32f405xx.o(RESET)
</UL>
<P><STRONG><a name="[2a]"></a>TIM4_IRQHandler</STRONG> (Thumb, 0 bytes, Stack size 0 bytes, startup_stm32f405xx.o(.text))
<BR>[Address Reference Count : 1]<UL><LI> startup_stm32f405xx.o(RESET)
</UL>
<P><STRONG><a name="[3e]"></a>TIM5_IRQHandler</STRONG> (Thumb, 0 bytes, Stack size 0 bytes, startup_stm32f405xx.o(.text))
<BR>[Address Reference Count : 1]<UL><LI> startup_stm32f405xx.o(RESET)
</UL>
<P><STRONG><a name="[42]"></a>TIM6_DAC_IRQHandler</STRONG> (Thumb, 0 bytes, Stack size 0 bytes, startup_stm32f405xx.o(.text))
<BR>[Address Reference Count : 1]<UL><LI> startup_stm32f405xx.o(RESET)
</UL>
<P><STRONG><a name="[43]"></a>TIM7_IRQHandler</STRONG> (Thumb, 0 bytes, Stack size 0 bytes, startup_stm32f405xx.o(.text))
<BR>[Address Reference Count : 1]<UL><LI> startup_stm32f405xx.o(RESET)
</UL>
<P><STRONG><a name="[37]"></a>TIM8_BRK_TIM12_IRQHandler</STRONG> (Thumb, 0 bytes, Stack size 0 bytes, startup_stm32f405xx.o(.text))
<BR>[Address Reference Count : 1]<UL><LI> startup_stm32f405xx.o(RESET)
</UL>
<P><STRONG><a name="[3a]"></a>TIM8_CC_IRQHandler</STRONG> (Thumb, 0 bytes, Stack size 0 bytes, startup_stm32f405xx.o(.text))
<BR>[Address Reference Count : 1]<UL><LI> startup_stm32f405xx.o(RESET)
</UL>
<P><STRONG><a name="[39]"></a>TIM8_TRG_COM_TIM14_IRQHandler</STRONG> (Thumb, 0 bytes, Stack size 0 bytes, startup_stm32f405xx.o(.text))
<BR>[Address Reference Count : 1]<UL><LI> startup_stm32f405xx.o(RESET)
</UL>
<P><STRONG><a name="[38]"></a>TIM8_UP_TIM13_IRQHandler</STRONG> (Thumb, 0 bytes, Stack size 0 bytes, startup_stm32f405xx.o(.text))
<BR>[Address Reference Count : 1]<UL><LI> startup_stm32f405xx.o(RESET)
</UL>
<P><STRONG><a name="[40]"></a>UART4_IRQHandler</STRONG> (Thumb, 0 bytes, Stack size 0 bytes, startup_stm32f405xx.o(.text))
<BR>[Address Reference Count : 1]<UL><LI> startup_stm32f405xx.o(RESET)
</UL>
<P><STRONG><a name="[41]"></a>UART5_IRQHandler</STRONG> (Thumb, 0 bytes, Stack size 0 bytes, startup_stm32f405xx.o(.text))
<BR>[Address Reference Count : 1]<UL><LI> startup_stm32f405xx.o(RESET)
</UL>
<P><STRONG><a name="[51]"></a>USART6_IRQHandler</STRONG> (Thumb, 0 bytes, Stack size 0 bytes, startup_stm32f405xx.o(.text))
<BR>[Address Reference Count : 1]<UL><LI> startup_stm32f405xx.o(RESET)
</UL>
<P><STRONG><a name="[c]"></a>WWDG_IRQHandler</STRONG> (Thumb, 0 bytes, Stack size 0 bytes, startup_stm32f405xx.o(.text))
<BR>[Address Reference Count : 1]<UL><LI> startup_stm32f405xx.o(RESET)
</UL>
<P><STRONG><a name="[cb]"></a>__rt_ctype_table</STRONG> (Thumb, 4 bytes, Stack size 0 bytes, ctype_o.o(.text))
<BR><BR>[Called By]<UL><LI><a href="#[32f]">&gt;&gt;</a>&nbsp;&nbsp;&nbsp;print_bad_command
<LI><a href="#[d9]">&gt;&gt;</a>&nbsp;&nbsp;&nbsp;strtol
<LI><a href="#[60]">&gt;&gt;</a>&nbsp;&nbsp;&nbsp;isspace
</UL>

<P><STRONG><a name="[60]"></a>isspace</STRONG> (Thumb, 18 bytes, Stack size 8 bytes, isspace_o.o(.text))
<BR><BR>[Stack]<UL><LI>Max Depth = 8<LI>Call Chain = isspace
</UL>
<BR>[Calls]<UL><LI><a href="#[cb]">&gt;&gt;</a>&nbsp;&nbsp;&nbsp;__rt_ctype_table
</UL>
<BR>[Address Reference Count : 1]<UL><LI> scanf_char.o(.text)
</UL>
<P><STRONG><a name="[cc]"></a>mktime</STRONG> (Thumb, 150 bytes, Stack size 16 bytes, mktime.o(.text))
<BR><BR>[Stack]<UL><LI>Max Depth = 24<LI>Call Chain = mktime &rArr; _localtime
</UL>
<BR>[Calls]<UL><LI><a href="#[cd]">&gt;&gt;</a>&nbsp;&nbsp;&nbsp;_localtime
</UL>
<BR>[Called By]<UL><LI><a href="#[ee]">&gt;&gt;</a>&nbsp;&nbsp;&nbsp;getTimeTick
</UL>

<P><STRONG><a name="[3ee]"></a>___aeabi_memcpy8$move</STRONG> (Thumb, 0 bytes, Stack size 8 bytes, memmovea.o(.text), UNUSED)

<P><STRONG><a name="[11b]"></a>__aeabi_memcpy</STRONG> (Thumb, 64 bytes, Stack size 8 bytes, memmovea.o(.text))
<BR><BR>[Stack]<UL><LI>Max Depth = 8<LI>Call Chain = __aeabi_memcpy
</UL>
<BR>[Called By]<UL><LI><a href="#[143]">&gt;&gt;</a>&nbsp;&nbsp;&nbsp;GetDeviceNum
<LI><a href="#[103]">&gt;&gt;</a>&nbsp;&nbsp;&nbsp;UserData_Save
<LI><a href="#[300]">&gt;&gt;</a>&nbsp;&nbsp;&nbsp;UserData_InitALL
<LI><a href="#[2c3]">&gt;&gt;</a>&nbsp;&nbsp;&nbsp;SysDevData_InitALL
<LI><a href="#[1a7]">&gt;&gt;</a>&nbsp;&nbsp;&nbsp;FY1000_Pack_TxServer_S
<LI><a href="#[97]">&gt;&gt;</a>&nbsp;&nbsp;&nbsp;Task13_F
<LI><a href="#[92]">&gt;&gt;</a>&nbsp;&nbsp;&nbsp;Task08_F
<LI><a href="#[3a6]">&gt;&gt;</a>&nbsp;&nbsp;&nbsp;prvCopyDataToQueue
<LI><a href="#[3a5]">&gt;&gt;</a>&nbsp;&nbsp;&nbsp;prvCopyDataFromQueue
<LI><a href="#[9e]">&gt;&gt;</a>&nbsp;&nbsp;&nbsp;SD_write
<LI><a href="#[9d]">&gt;&gt;</a>&nbsp;&nbsp;&nbsp;SD_read
<LI><a href="#[eb]">&gt;&gt;</a>&nbsp;&nbsp;&nbsp;UART2_Transmit
<LI><a href="#[2fd]">&gt;&gt;</a>&nbsp;&nbsp;&nbsp;__kfifo_put
<LI><a href="#[31b]">&gt;&gt;</a>&nbsp;&nbsp;&nbsp;__kfifo_get
<LI><a href="#[1c2]">&gt;&gt;</a>&nbsp;&nbsp;&nbsp;UART_TO_FY1000_CCB_QueueSend
<LI><a href="#[17e]">&gt;&gt;</a>&nbsp;&nbsp;&nbsp;FY1000_Pack_Rx_S
<LI><a href="#[101]">&gt;&gt;</a>&nbsp;&nbsp;&nbsp;SysDevData_Save
<LI><a href="#[278]">&gt;&gt;</a>&nbsp;&nbsp;&nbsp;SysDevData_ResetALL
<LI><a href="#[2c4]">&gt;&gt;</a>&nbsp;&nbsp;&nbsp;SysDevData_Read
<LI><a href="#[277]">&gt;&gt;</a>&nbsp;&nbsp;&nbsp;UserData_ResetALL
<LI><a href="#[301]">&gt;&gt;</a>&nbsp;&nbsp;&nbsp;UserData_Read
<LI><a href="#[109]">&gt;&gt;</a>&nbsp;&nbsp;&nbsp;ClientCH1_QueueSend
<LI><a href="#[334]">&gt;&gt;</a>&nbsp;&nbsp;&nbsp;contextInit
<LI><a href="#[2c0]">&gt;&gt;</a>&nbsp;&nbsp;&nbsp;Ymodem_Receive
<LI><a href="#[373]">&gt;&gt;</a>&nbsp;&nbsp;&nbsp;tab_complete
<LI><a href="#[32e]">&gt;&gt;</a>&nbsp;&nbsp;&nbsp;handle_input
<LI><a href="#[292]">&gt;&gt;</a>&nbsp;&nbsp;&nbsp;ReadData_SPIFlash_UnSafe
<LI><a href="#[28f]">&gt;&gt;</a>&nbsp;&nbsp;&nbsp;ReadData_FRAM_UnSafe
<LI><a href="#[ec]">&gt;&gt;</a>&nbsp;&nbsp;&nbsp;UART3_Transmit
<LI><a href="#[33f]">&gt;&gt;</a>&nbsp;&nbsp;&nbsp;md5_process
<LI><a href="#[255]">&gt;&gt;</a>&nbsp;&nbsp;&nbsp;crl_u_MD5_Update
</UL>

<P><STRONG><a name="[107]"></a>__aeabi_memcpy4</STRONG> (Thumb, 0 bytes, Stack size 8 bytes, memmovea.o(.text))
<BR><BR>[Stack]<UL><LI>Max Depth = 8<LI>Call Chain = __aeabi_memcpy4
</UL>
<BR>[Called By]<UL><LI><a href="#[2da]">&gt;&gt;</a>&nbsp;&nbsp;&nbsp;XY188_Pack_TxServer_S
<LI><a href="#[2df]">&gt;&gt;</a>&nbsp;&nbsp;&nbsp;UART_TO_XY188_CCB_QueueSend
<LI><a href="#[2e3]">&gt;&gt;</a>&nbsp;&nbsp;&nbsp;UART_TO_NWK_CCB_QueueSend
<LI><a href="#[2de]">&gt;&gt;</a>&nbsp;&nbsp;&nbsp;UART_TO_HZCRL_CCB_QueueSend
<LI><a href="#[2e0]">&gt;&gt;</a>&nbsp;&nbsp;&nbsp;UART_TO_HT2X188_CCB_QueueSend
<LI><a href="#[2dd]">&gt;&gt;</a>&nbsp;&nbsp;&nbsp;UART_TO_FY2000_CCB_QueueSend
<LI><a href="#[2dc]">&gt;&gt;</a>&nbsp;&nbsp;&nbsp;UART_TO_FY188_CCB_QueueSend
<LI><a href="#[2e2]">&gt;&gt;</a>&nbsp;&nbsp;&nbsp;UART_TO_DDF2_CCB_QueueSend
<LI><a href="#[2e1]">&gt;&gt;</a>&nbsp;&nbsp;&nbsp;UART_TO_BRC188_CCB_QueueSend
<LI><a href="#[285]">&gt;&gt;</a>&nbsp;&nbsp;&nbsp;NWK_Pack_TxServer_S
<LI><a href="#[245]">&gt;&gt;</a>&nbsp;&nbsp;&nbsp;IndepKEYFunction_Init
<LI><a href="#[237]">&gt;&gt;</a>&nbsp;&nbsp;&nbsp;HZCRL_Pack_TxServer_S
<LI><a href="#[230]">&gt;&gt;</a>&nbsp;&nbsp;&nbsp;HT2X188_Pack_TxServer_S
<LI><a href="#[1c1]">&gt;&gt;</a>&nbsp;&nbsp;&nbsp;FY2000_Pack_TxServer_S
<LI><a href="#[1b0]">&gt;&gt;</a>&nbsp;&nbsp;&nbsp;FY188_Pack_TxServer_S
<LI><a href="#[12a]">&gt;&gt;</a>&nbsp;&nbsp;&nbsp;DDF2_Pack_TxServer_S
<LI><a href="#[105]">&gt;&gt;</a>&nbsp;&nbsp;&nbsp;BRC188_Pack_TxServer_S
<LI><a href="#[278]">&gt;&gt;</a>&nbsp;&nbsp;&nbsp;SysDevData_ResetALL
<LI><a href="#[153]">&gt;&gt;</a>&nbsp;&nbsp;&nbsp;Disp_Open
<LI><a href="#[140]">&gt;&gt;</a>&nbsp;&nbsp;&nbsp;Disp_1_1_5A
<LI><a href="#[13d]">&gt;&gt;</a>&nbsp;&nbsp;&nbsp;Disp_1_1_3
<LI><a href="#[139]">&gt;&gt;</a>&nbsp;&nbsp;&nbsp;Disp_1_1_2_1
<LI><a href="#[246]">&gt;&gt;</a>&nbsp;&nbsp;&nbsp;IndepKEY_Create
</UL>

<P><STRONG><a name="[3ef]"></a>__aeabi_memmove</STRONG> (Thumb, 0 bytes, Stack size 8 bytes, memmovea.o(.text), UNUSED)

<P><STRONG><a name="[3f0]"></a>__aeabi_memmove4</STRONG> (Thumb, 0 bytes, Stack size 8 bytes, memmovea.o(.text), UNUSED)

<P><STRONG><a name="[3f1]"></a>__aeabi_memmove8</STRONG> (Thumb, 0 bytes, Stack size 8 bytes, memmovea.o(.text), UNUSED)

<P><STRONG><a name="[cf]"></a>__aeabi_memset</STRONG> (Thumb, 14 bytes, Stack size 0 bytes, memseta.o(.text))
<BR><BR>[Called By]<UL><LI><a href="#[9e]">&gt;&gt;</a>&nbsp;&nbsp;&nbsp;SD_write
<LI><a href="#[9d]">&gt;&gt;</a>&nbsp;&nbsp;&nbsp;SD_read
<LI><a href="#[3ac]">&gt;&gt;</a>&nbsp;&nbsp;&nbsp;prvInitialiseNewTask
<LI><a href="#[3cf]">&gt;&gt;</a>&nbsp;&nbsp;&nbsp;spiFlashCopy
<LI><a href="#[322]">&gt;&gt;</a>&nbsp;&nbsp;&nbsp;calMd5_hash_SPI
<LI><a href="#[d0]">&gt;&gt;</a>&nbsp;&nbsp;&nbsp;_memset$wrapper
<LI><a href="#[ce]">&gt;&gt;</a>&nbsp;&nbsp;&nbsp;__aeabi_memclr
</UL>

<P><STRONG><a name="[3f2]"></a>__aeabi_memset4</STRONG> (Thumb, 0 bytes, Stack size 0 bytes, memseta.o(.text), UNUSED)

<P><STRONG><a name="[3f3]"></a>__aeabi_memset8</STRONG> (Thumb, 0 bytes, Stack size 0 bytes, memseta.o(.text), UNUSED)

<P><STRONG><a name="[ce]"></a>__aeabi_memclr</STRONG> (Thumb, 4 bytes, Stack size 0 bytes, memseta.o(.text))
<BR><BR>[Calls]<UL><LI><a href="#[cf]">&gt;&gt;</a>&nbsp;&nbsp;&nbsp;__aeabi_memset
</UL>
<BR>[Called By]<UL><LI><a href="#[2b7]">&gt;&gt;</a>&nbsp;&nbsp;&nbsp;SaveDeviceInfo
<LI><a href="#[3c1]">&gt;&gt;</a>&nbsp;&nbsp;&nbsp;ps_none
<LI><a href="#[3c3]">&gt;&gt;</a>&nbsp;&nbsp;&nbsp;ps_A
<LI><a href="#[334]">&gt;&gt;</a>&nbsp;&nbsp;&nbsp;contextInit
</UL>

<P><STRONG><a name="[32a]"></a>__aeabi_memclr4</STRONG> (Thumb, 0 bytes, Stack size 0 bytes, memseta.o(.text))
<BR><BR>[Called By]<UL><LI><a href="#[34f]">&gt;&gt;</a>&nbsp;&nbsp;&nbsp;dogInit
<LI><a href="#[328]">&gt;&gt;</a>&nbsp;&nbsp;&nbsp;cli_init
<LI><a href="#[1a4]">&gt;&gt;</a>&nbsp;&nbsp;&nbsp;verifyProcessFile
<LI><a href="#[3c4]">&gt;&gt;</a>&nbsp;&nbsp;&nbsp;ps_p
<LI><a href="#[3c2]">&gt;&gt;</a>&nbsp;&nbsp;&nbsp;ps_a
<LI><a href="#[32e]">&gt;&gt;</a>&nbsp;&nbsp;&nbsp;handle_input
</UL>

<P><STRONG><a name="[3f4]"></a>__aeabi_memclr8</STRONG> (Thumb, 0 bytes, Stack size 0 bytes, memseta.o(.text), UNUSED)

<P><STRONG><a name="[d0]"></a>_memset$wrapper</STRONG> (Thumb, 18 bytes, Stack size 8 bytes, memseta.o(.text), UNUSED)
<BR><BR>[Calls]<UL><LI><a href="#[cf]">&gt;&gt;</a>&nbsp;&nbsp;&nbsp;__aeabi_memset
</UL>

<P><STRONG><a name="[13a]"></a>strcat</STRONG> (Thumb, 24 bytes, Stack size 0 bytes, strcat.o(.text))
<BR><BR>[Called By]<UL><LI><a href="#[153]">&gt;&gt;</a>&nbsp;&nbsp;&nbsp;Disp_Open
<LI><a href="#[140]">&gt;&gt;</a>&nbsp;&nbsp;&nbsp;Disp_1_1_5A
<LI><a href="#[13d]">&gt;&gt;</a>&nbsp;&nbsp;&nbsp;Disp_1_1_3
<LI><a href="#[139]">&gt;&gt;</a>&nbsp;&nbsp;&nbsp;Disp_1_1_2_1
</UL>

<P><STRONG><a name="[374]"></a>strchr</STRONG> (Thumb, 20 bytes, Stack size 0 bytes, strchr.o(.text))
<BR><BR>[Called By]<UL><LI><a href="#[32e]">&gt;&gt;</a>&nbsp;&nbsp;&nbsp;handle_input
</UL>

<P><STRONG><a name="[2b9]"></a>strlen</STRONG> (Thumb, 14 bytes, Stack size 0 bytes, strlen.o(.text))
<BR><BR>[Called By]<UL><LI><a href="#[3c6]">&gt;&gt;</a>&nbsp;&nbsp;&nbsp;vTaskList
<LI><a href="#[3c8]">&gt;&gt;</a>&nbsp;&nbsp;&nbsp;vTaskGetRunTimeStats
<LI><a href="#[3bf]">&gt;&gt;</a>&nbsp;&nbsp;&nbsp;prvWriteNameToBuffer
<LI><a href="#[b8]">&gt;&gt;</a>&nbsp;&nbsp;&nbsp;settime_s
<LI><a href="#[b9]">&gt;&gt;</a>&nbsp;&nbsp;&nbsp;settime_f
<LI><a href="#[b7]">&gt;&gt;</a>&nbsp;&nbsp;&nbsp;settime
<LI><a href="#[bb]">&gt;&gt;</a>&nbsp;&nbsp;&nbsp;setsystype
<LI><a href="#[c0]">&gt;&gt;</a>&nbsp;&nbsp;&nbsp;setsn
<LI><a href="#[c3]">&gt;&gt;</a>&nbsp;&nbsp;&nbsp;setshare
<LI><a href="#[c2]">&gt;&gt;</a>&nbsp;&nbsp;&nbsp;setsend
<LI><a href="#[c1]">&gt;&gt;</a>&nbsp;&nbsp;&nbsp;setread
<LI><a href="#[c4]">&gt;&gt;</a>&nbsp;&nbsp;&nbsp;powrelayctrl
<LI><a href="#[bd]">&gt;&gt;</a>&nbsp;&nbsp;&nbsp;devchange
<LI><a href="#[c5]">&gt;&gt;</a>&nbsp;&nbsp;&nbsp;ddf2ctrl
<LI><a href="#[2b7]">&gt;&gt;</a>&nbsp;&nbsp;&nbsp;SaveDeviceInfo
<LI><a href="#[334]">&gt;&gt;</a>&nbsp;&nbsp;&nbsp;contextInit
<LI><a href="#[a5]">&gt;&gt;</a>&nbsp;&nbsp;&nbsp;uptime_Command
<LI><a href="#[a9]">&gt;&gt;</a>&nbsp;&nbsp;&nbsp;setServer
<LI><a href="#[a8]">&gt;&gt;</a>&nbsp;&nbsp;&nbsp;setEnvParameter
<LI><a href="#[bc]">&gt;&gt;</a>&nbsp;&nbsp;&nbsp;saveData
<LI><a href="#[ab]">&gt;&gt;</a>&nbsp;&nbsp;&nbsp;ps
<LI><a href="#[aa]">&gt;&gt;</a>&nbsp;&nbsp;&nbsp;printServer
<LI><a href="#[a2]">&gt;&gt;</a>&nbsp;&nbsp;&nbsp;get_version
<LI><a href="#[bf]">&gt;&gt;</a>&nbsp;&nbsp;&nbsp;changedevnum
<LI><a href="#[373]">&gt;&gt;</a>&nbsp;&nbsp;&nbsp;tab_complete
<LI><a href="#[c7]">&gt;&gt;</a>&nbsp;&nbsp;&nbsp;sysdebug_Command
<LI><a href="#[a1]">&gt;&gt;</a>&nbsp;&nbsp;&nbsp;help_command
<LI><a href="#[32e]">&gt;&gt;</a>&nbsp;&nbsp;&nbsp;handle_input
<LI><a href="#[a6]">&gt;&gt;</a>&nbsp;&nbsp;&nbsp;clear_screen
</UL>

<P><STRONG><a name="[32d]"></a>strcmp</STRONG> (Thumb, 28 bytes, Stack size 8 bytes, strcmp.o(.text))
<BR><BR>[Stack]<UL><LI>Max Depth = 8<LI>Call Chain = strcmp
</UL>
<BR>[Called By]<UL><LI><a href="#[2e6]">&gt;&gt;</a>&nbsp;&nbsp;&nbsp;cli_main
<LI><a href="#[ab]">&gt;&gt;</a>&nbsp;&nbsp;&nbsp;ps
<LI><a href="#[375]">&gt;&gt;</a>&nbsp;&nbsp;&nbsp;lookup_command
</UL>

<P><STRONG><a name="[3dc]"></a>memcmp</STRONG> (Thumb, 26 bytes, Stack size 12 bytes, memcmp.o(.text))
<BR><BR>[Stack]<UL><LI>Max Depth = 12<LI>Call Chain = memcmp
</UL>
<BR>[Called By]<UL><LI><a href="#[1a4]">&gt;&gt;</a>&nbsp;&nbsp;&nbsp;verifyProcessFile
</UL>

<P><STRONG><a name="[3c0]"></a>strcpy</STRONG> (Thumb, 18 bytes, Stack size 0 bytes, strcpy.o(.text))
<BR><BR>[Called By]<UL><LI><a href="#[3bf]">&gt;&gt;</a>&nbsp;&nbsp;&nbsp;prvWriteNameToBuffer
</UL>

<P><STRONG><a name="[37a]"></a>strncmp</STRONG> (Thumb, 30 bytes, Stack size 12 bytes, strncmp.o(.text))
<BR><BR>[Stack]<UL><LI>Max Depth = 12<LI>Call Chain = strncmp
</UL>
<BR>[Called By]<UL><LI><a href="#[373]">&gt;&gt;</a>&nbsp;&nbsp;&nbsp;tab_complete
<LI><a href="#[375]">&gt;&gt;</a>&nbsp;&nbsp;&nbsp;lookup_command
</UL>

<P><STRONG><a name="[f0]"></a>strrchr</STRONG> (Thumb, 32 bytes, Stack size 0 bytes, strrchr.o(.text))
<BR><BR>[Called By]<UL><LI><a href="#[34f]">&gt;&gt;</a>&nbsp;&nbsp;&nbsp;dogInit
<LI><a href="#[f5]">&gt;&gt;</a>&nbsp;&nbsp;&nbsp;SaveLog
<LI><a href="#[23b]">&gt;&gt;</a>&nbsp;&nbsp;&nbsp;HbMainTask
<LI><a href="#[238]">&gt;&gt;</a>&nbsp;&nbsp;&nbsp;HbInit
<LI><a href="#[104]">&gt;&gt;</a>&nbsp;&nbsp;&nbsp;FY_1000Send_Code_QInput
<LI><a href="#[1a7]">&gt;&gt;</a>&nbsp;&nbsp;&nbsp;FY1000_Pack_TxServer_S
<LI><a href="#[ed]">&gt;&gt;</a>&nbsp;&nbsp;&nbsp;AlarmClk_ParaSet
<LI><a href="#[5a]">&gt;&gt;</a>&nbsp;&nbsp;&nbsp;main
<LI><a href="#[97]">&gt;&gt;</a>&nbsp;&nbsp;&nbsp;Task13_F
<LI><a href="#[96]">&gt;&gt;</a>&nbsp;&nbsp;&nbsp;Task12_F
<LI><a href="#[93]">&gt;&gt;</a>&nbsp;&nbsp;&nbsp;Task09_F
<LI><a href="#[92]">&gt;&gt;</a>&nbsp;&nbsp;&nbsp;Task08_F
<LI><a href="#[91]">&gt;&gt;</a>&nbsp;&nbsp;&nbsp;Task07_F
<LI><a href="#[8b]">&gt;&gt;</a>&nbsp;&nbsp;&nbsp;Task01_F
<LI><a href="#[78]">&gt;&gt;</a>&nbsp;&nbsp;&nbsp;Alarm_UserShare_CallBack
<LI><a href="#[88]">&gt;&gt;</a>&nbsp;&nbsp;&nbsp;Alarm_DataSave_CallBack
<LI><a href="#[1a4]">&gt;&gt;</a>&nbsp;&nbsp;&nbsp;verifyProcessFile
<LI><a href="#[1a3]">&gt;&gt;</a>&nbsp;&nbsp;&nbsp;flash_file_type
<LI><a href="#[17e]">&gt;&gt;</a>&nbsp;&nbsp;&nbsp;FY1000_Pack_Rx_S
<LI><a href="#[127]">&gt;&gt;</a>&nbsp;&nbsp;&nbsp;DDF2_Pack_Rx_S
<LI><a href="#[fc]">&gt;&gt;</a>&nbsp;&nbsp;&nbsp;BRC188_Pack_Rx_S
<LI><a href="#[22e]">&gt;&gt;</a>&nbsp;&nbsp;&nbsp;HT2X188_Pack_Rx_S
<LI><a href="#[314]">&gt;&gt;</a>&nbsp;&nbsp;&nbsp;XY188_Pack_Rx_S
<LI><a href="#[235]">&gt;&gt;</a>&nbsp;&nbsp;&nbsp;HZCRL_Pack_Rx_S
<LI><a href="#[1bb]">&gt;&gt;</a>&nbsp;&nbsp;&nbsp;FY2000_Pack_Rx_S
<LI><a href="#[1ae]">&gt;&gt;</a>&nbsp;&nbsp;&nbsp;FY188_Pack_Rx_S
<LI><a href="#[284]">&gt;&gt;</a>&nbsp;&nbsp;&nbsp;NWK_Pack_Rx_S
<LI><a href="#[c5]">&gt;&gt;</a>&nbsp;&nbsp;&nbsp;ddf2ctrl
<LI><a href="#[87]">&gt;&gt;</a>&nbsp;&nbsp;&nbsp;IWDG_Guard
<LI><a href="#[2b7]">&gt;&gt;</a>&nbsp;&nbsp;&nbsp;SaveDeviceInfo
<LI><a href="#[121]">&gt;&gt;</a>&nbsp;&nbsp;&nbsp;CreateFileName
<LI><a href="#[248]">&gt;&gt;</a>&nbsp;&nbsp;&nbsp;checkCard
<LI><a href="#[249]">&gt;&gt;</a>&nbsp;&nbsp;&nbsp;MountFS
<LI><a href="#[12d]">&gt;&gt;</a>&nbsp;&nbsp;&nbsp;DisSDCard
<LI><a href="#[352]">&gt;&gt;</a>&nbsp;&nbsp;&nbsp;down_env_data
<LI><a href="#[3cf]">&gt;&gt;</a>&nbsp;&nbsp;&nbsp;spiFlashCopy
<LI><a href="#[322]">&gt;&gt;</a>&nbsp;&nbsp;&nbsp;calMd5_hash_SPI
<LI><a href="#[292]">&gt;&gt;</a>&nbsp;&nbsp;&nbsp;ReadData_SPIFlash_UnSafe
</UL>

<P><STRONG><a name="[d1]"></a>strcasecmp</STRONG> (Thumb, 42 bytes, Stack size 24 bytes, strcasecmp.o(.text))
<BR><BR>[Stack]<UL><LI>Max Depth = 24<LI>Call Chain = strcasecmp
</UL>
<BR>[Calls]<UL><LI><a href="#[d2]">&gt;&gt;</a>&nbsp;&nbsp;&nbsp;tolower
</UL>
<BR>[Called By]<UL><LI><a href="#[c7]">&gt;&gt;</a>&nbsp;&nbsp;&nbsp;sysdebug_Command
</UL>

<P><STRONG><a name="[d3]"></a>__0sscanf</STRONG> (Thumb, 48 bytes, Stack size 72 bytes, __0sscanf.o(.text))
<BR><BR>[Stack]<UL><LI>Max Depth = 216<LI>Call Chain = __0sscanf &rArr; __vfscanf_char &rArr; __vfscanf &rArr; _scanf_string
</UL>
<BR>[Calls]<UL><LI><a href="#[d4]">&gt;&gt;</a>&nbsp;&nbsp;&nbsp;__vfscanf_char
</UL>
<BR>[Called By]<UL><LI><a href="#[376]">&gt;&gt;</a>&nbsp;&nbsp;&nbsp;isValidStr
</UL>

<P><STRONG><a name="[d5]"></a>_scanf_int</STRONG> (Thumb, 332 bytes, Stack size 56 bytes, _scanf_int.o(.text))
<BR><BR>[Stack]<UL><LI>Max Depth = 56<LI>Call Chain = _scanf_int
</UL>
<BR>[Calls]<UL><LI><a href="#[d6]">&gt;&gt;</a>&nbsp;&nbsp;&nbsp;_chval
</UL>
<BR>[Called By]<UL><LI><a href="#[de]">&gt;&gt;</a>&nbsp;&nbsp;&nbsp;__vfscanf
</UL>

<P><STRONG><a name="[ea]"></a>_scanf_string</STRONG> (Thumb, 224 bytes, Stack size 56 bytes, _scanf_str.o(.text))
<BR><BR>[Stack]<UL><LI>Max Depth = 56<LI>Call Chain = _scanf_string
</UL>
<BR>[Called By]<UL><LI><a href="#[de]">&gt;&gt;</a>&nbsp;&nbsp;&nbsp;__vfscanf
</UL>

<P><STRONG><a name="[d7]"></a>atoi</STRONG> (Thumb, 26 bytes, Stack size 16 bytes, atoi.o(.text))
<BR><BR>[Stack]<UL><LI>Max Depth = 88<LI>Call Chain = atoi &rArr; strtol &rArr; _strtoul
</UL>
<BR>[Calls]<UL><LI><a href="#[d9]">&gt;&gt;</a>&nbsp;&nbsp;&nbsp;strtol
<LI><a href="#[d8]">&gt;&gt;</a>&nbsp;&nbsp;&nbsp;__aeabi_errno_addr
</UL>
<BR>[Called By]<UL><LI><a href="#[ac]">&gt;&gt;</a>&nbsp;&nbsp;&nbsp;userpara
<LI><a href="#[ae]">&gt;&gt;</a>&nbsp;&nbsp;&nbsp;userdata
<LI><a href="#[3ce]">&gt;&gt;</a>&nbsp;&nbsp;&nbsp;updatetimes
<LI><a href="#[3cd]">&gt;&gt;</a>&nbsp;&nbsp;&nbsp;updatetimef
<LI><a href="#[3cc]">&gt;&gt;</a>&nbsp;&nbsp;&nbsp;updatetime
<LI><a href="#[bb]">&gt;&gt;</a>&nbsp;&nbsp;&nbsp;setsystype
<LI><a href="#[c0]">&gt;&gt;</a>&nbsp;&nbsp;&nbsp;setsn
<LI><a href="#[c3]">&gt;&gt;</a>&nbsp;&nbsp;&nbsp;setshare
<LI><a href="#[c2]">&gt;&gt;</a>&nbsp;&nbsp;&nbsp;setsend
<LI><a href="#[c1]">&gt;&gt;</a>&nbsp;&nbsp;&nbsp;setread
<LI><a href="#[ad]">&gt;&gt;</a>&nbsp;&nbsp;&nbsp;devicepara
<LI><a href="#[af]">&gt;&gt;</a>&nbsp;&nbsp;&nbsp;devicedata
<LI><a href="#[bd]">&gt;&gt;</a>&nbsp;&nbsp;&nbsp;devchange
<LI><a href="#[c5]">&gt;&gt;</a>&nbsp;&nbsp;&nbsp;ddf2ctrl
<LI><a href="#[c6]">&gt;&gt;</a>&nbsp;&nbsp;&nbsp;ClirateSet
<LI><a href="#[3cb]">&gt;&gt;</a>&nbsp;&nbsp;&nbsp;updateServerIP
<LI><a href="#[ab]">&gt;&gt;</a>&nbsp;&nbsp;&nbsp;ps
<LI><a href="#[bf]">&gt;&gt;</a>&nbsp;&nbsp;&nbsp;changedevnum
<LI><a href="#[c7]">&gt;&gt;</a>&nbsp;&nbsp;&nbsp;sysdebug_Command
</UL>

<P><STRONG><a name="[342]"></a>__aeabi_f2d</STRONG> (Thumb, 38 bytes, Stack size 0 bytes, f2d.o(.text))
<BR><BR>[Called By]<UL><LI><a href="#[ae]">&gt;&gt;</a>&nbsp;&nbsp;&nbsp;userdata
<LI><a href="#[a7]">&gt;&gt;</a>&nbsp;&nbsp;&nbsp;printenv
<LI><a href="#[af]">&gt;&gt;</a>&nbsp;&nbsp;&nbsp;devicedata
</UL>

<P><STRONG><a name="[3f5]"></a>__aeabi_uidiv</STRONG> (Thumb, 0 bytes, Stack size 12 bytes, uidiv.o(.text), UNUSED)

<P><STRONG><a name="[320]"></a>__aeabi_uidivmod</STRONG> (Thumb, 44 bytes, Stack size 12 bytes, uidiv.o(.text), UNUSED)
<BR><BR>[Called By]<UL><LI><a href="#[318]">&gt;&gt;</a>&nbsp;&nbsp;&nbsp;_printf_core
</UL>

<P><STRONG><a name="[da]"></a>__aeabi_uldivmod</STRONG> (Thumb, 98 bytes, Stack size 40 bytes, uldiv.o(.text), UNUSED)
<BR><BR>[Calls]<UL><LI><a href="#[dc]">&gt;&gt;</a>&nbsp;&nbsp;&nbsp;__aeabi_llsl
<LI><a href="#[db]">&gt;&gt;</a>&nbsp;&nbsp;&nbsp;__aeabi_llsr
</UL>
<BR>[Called By]<UL><LI><a href="#[318]">&gt;&gt;</a>&nbsp;&nbsp;&nbsp;_printf_core
<LI><a href="#[31c]">&gt;&gt;</a>&nbsp;&nbsp;&nbsp;_fp_digits
</UL>

<P><STRONG><a name="[db]"></a>__aeabi_llsr</STRONG> (Thumb, 32 bytes, Stack size 0 bytes, llushr.o(.text), UNUSED)
<BR><BR>[Called By]<UL><LI><a href="#[e2]">&gt;&gt;</a>&nbsp;&nbsp;&nbsp;_double_epilogue
<LI><a href="#[da]">&gt;&gt;</a>&nbsp;&nbsp;&nbsp;__aeabi_uldivmod
<LI><a href="#[e8]">&gt;&gt;</a>&nbsp;&nbsp;&nbsp;__aeabi_d2ulz
</UL>

<P><STRONG><a name="[3f6]"></a>_ll_ushift_r</STRONG> (Thumb, 0 bytes, Stack size 0 bytes, llushr.o(.text), UNUSED)

<P><STRONG><a name="[d2]"></a>tolower</STRONG> (Thumb, 12 bytes, Stack size 0 bytes, tolower.o(.text))
<BR><BR>[Called By]<UL><LI><a href="#[d1]">&gt;&gt;</a>&nbsp;&nbsp;&nbsp;strcasecmp
</UL>

<P><STRONG><a name="[dd]"></a>localtime</STRONG> (Thumb, 6 bytes, Stack size 0 bytes, localtime_w.o(.text))
<BR><BR>[Stack]<UL><LI>Max Depth = 8<LI>Call Chain = localtime &rArr; _localtime
</UL>
<BR>[Calls]<UL><LI><a href="#[cd]">&gt;&gt;</a>&nbsp;&nbsp;&nbsp;_localtime
</UL>
<BR>[Called By]<UL><LI><a href="#[f4]">&gt;&gt;</a>&nbsp;&nbsp;&nbsp;getRealTime
</UL>

<P><STRONG><a name="[cd]"></a>_localtime</STRONG> (Thumb, 134 bytes, Stack size 8 bytes, localtime_i.o(.text))
<BR><BR>[Stack]<UL><LI>Max Depth = 8<LI>Call Chain = _localtime
</UL>
<BR>[Called By]<UL><LI><a href="#[dd]">&gt;&gt;</a>&nbsp;&nbsp;&nbsp;localtime
<LI><a href="#[cc]">&gt;&gt;</a>&nbsp;&nbsp;&nbsp;mktime
</UL>

<P><STRONG><a name="[d6]"></a>_chval</STRONG> (Thumb, 28 bytes, Stack size 0 bytes, _chval.o(.text))
<BR><BR>[Called By]<UL><LI><a href="#[df]">&gt;&gt;</a>&nbsp;&nbsp;&nbsp;_strtoul
<LI><a href="#[d5]">&gt;&gt;</a>&nbsp;&nbsp;&nbsp;_scanf_int
</UL>

<P><STRONG><a name="[d4]"></a>__vfscanf_char</STRONG> (Thumb, 20 bytes, Stack size 0 bytes, scanf_char.o(.text))
<BR><BR>[Stack]<UL><LI>Max Depth = 144<LI>Call Chain = __vfscanf_char &rArr; __vfscanf &rArr; _scanf_string
</UL>
<BR>[Calls]<UL><LI><a href="#[de]">&gt;&gt;</a>&nbsp;&nbsp;&nbsp;__vfscanf
</UL>
<BR>[Called By]<UL><LI><a href="#[d3]">&gt;&gt;</a>&nbsp;&nbsp;&nbsp;__0sscanf
</UL>

<P><STRONG><a name="[5d]"></a>_sgetc</STRONG> (Thumb, 30 bytes, Stack size 0 bytes, _sgetc.o(.text))
<BR>[Address Reference Count : 1]<UL><LI> __0sscanf.o(.text)
</UL>
<P><STRONG><a name="[5e]"></a>_sbackspace</STRONG> (Thumb, 34 bytes, Stack size 0 bytes, _sgetc.o(.text))
<BR>[Address Reference Count : 1]<UL><LI> __0sscanf.o(.text)
</UL>
<P><STRONG><a name="[d9]"></a>strtol</STRONG> (Thumb, 112 bytes, Stack size 32 bytes, strtol.o(.text))
<BR><BR>[Stack]<UL><LI>Max Depth = 72<LI>Call Chain = strtol &rArr; _strtoul
</UL>
<BR>[Calls]<UL><LI><a href="#[df]">&gt;&gt;</a>&nbsp;&nbsp;&nbsp;_strtoul
<LI><a href="#[d8]">&gt;&gt;</a>&nbsp;&nbsp;&nbsp;__aeabi_errno_addr
<LI><a href="#[cb]">&gt;&gt;</a>&nbsp;&nbsp;&nbsp;__rt_ctype_table
</UL>
<BR>[Called By]<UL><LI><a href="#[d7]">&gt;&gt;</a>&nbsp;&nbsp;&nbsp;atoi
</UL>

<P><STRONG><a name="[3f7]"></a>__I$use$fp</STRONG> (Thumb, 0 bytes, Stack size 48 bytes, iusefp.o(.text), UNUSED)

<P><STRONG><a name="[e0]"></a>__aeabi_dadd</STRONG> (Thumb, 322 bytes, Stack size 48 bytes, dadd.o(.text), UNUSED)
<BR><BR>[Calls]<UL><LI><a href="#[e1]">&gt;&gt;</a>&nbsp;&nbsp;&nbsp;__aeabi_lasr
<LI><a href="#[dc]">&gt;&gt;</a>&nbsp;&nbsp;&nbsp;__aeabi_llsl
<LI><a href="#[e3]">&gt;&gt;</a>&nbsp;&nbsp;&nbsp;_double_round
<LI><a href="#[e2]">&gt;&gt;</a>&nbsp;&nbsp;&nbsp;_double_epilogue
</UL>
<BR>[Called By]<UL><LI><a href="#[31c]">&gt;&gt;</a>&nbsp;&nbsp;&nbsp;_fp_digits
<LI><a href="#[e4]">&gt;&gt;</a>&nbsp;&nbsp;&nbsp;__aeabi_dsub
<LI><a href="#[e5]">&gt;&gt;</a>&nbsp;&nbsp;&nbsp;__aeabi_drsub
</UL>

<P><STRONG><a name="[e4]"></a>__aeabi_dsub</STRONG> (Thumb, 6 bytes, Stack size 0 bytes, dadd.o(.text), UNUSED)
<BR><BR>[Calls]<UL><LI><a href="#[e0]">&gt;&gt;</a>&nbsp;&nbsp;&nbsp;__aeabi_dadd
</UL>

<P><STRONG><a name="[e5]"></a>__aeabi_drsub</STRONG> (Thumb, 6 bytes, Stack size 0 bytes, dadd.o(.text), UNUSED)
<BR><BR>[Calls]<UL><LI><a href="#[e0]">&gt;&gt;</a>&nbsp;&nbsp;&nbsp;__aeabi_dadd
</UL>

<P><STRONG><a name="[e6]"></a>__aeabi_dmul</STRONG> (Thumb, 228 bytes, Stack size 48 bytes, dmul.o(.text), UNUSED)
<BR><BR>[Calls]<UL><LI><a href="#[e2]">&gt;&gt;</a>&nbsp;&nbsp;&nbsp;_double_epilogue
</UL>
<BR>[Called By]<UL><LI><a href="#[31c]">&gt;&gt;</a>&nbsp;&nbsp;&nbsp;_fp_digits
</UL>

<P><STRONG><a name="[e7]"></a>__aeabi_ddiv</STRONG> (Thumb, 222 bytes, Stack size 32 bytes, ddiv.o(.text), UNUSED)
<BR><BR>[Calls]<UL><LI><a href="#[e3]">&gt;&gt;</a>&nbsp;&nbsp;&nbsp;_double_round
</UL>
<BR>[Called By]<UL><LI><a href="#[31c]">&gt;&gt;</a>&nbsp;&nbsp;&nbsp;_fp_digits
</UL>

<P><STRONG><a name="[e8]"></a>__aeabi_d2ulz</STRONG> (Thumb, 48 bytes, Stack size 0 bytes, dfixul.o(.text), UNUSED)
<BR><BR>[Calls]<UL><LI><a href="#[dc]">&gt;&gt;</a>&nbsp;&nbsp;&nbsp;__aeabi_llsl
<LI><a href="#[db]">&gt;&gt;</a>&nbsp;&nbsp;&nbsp;__aeabi_llsr
</UL>
<BR>[Called By]<UL><LI><a href="#[31c]">&gt;&gt;</a>&nbsp;&nbsp;&nbsp;_fp_digits
</UL>

<P><STRONG><a name="[31d]"></a>__aeabi_cdrcmple</STRONG> (Thumb, 48 bytes, Stack size 0 bytes, cdrcmple.o(.text), UNUSED)
<BR><BR>[Called By]<UL><LI><a href="#[31c]">&gt;&gt;</a>&nbsp;&nbsp;&nbsp;_fp_digits
</UL>

<P><STRONG><a name="[c9]"></a>__scatterload</STRONG> (Thumb, 28 bytes, Stack size 0 bytes, init.o(.text))
<BR><BR>[Calls]<UL><LI><a href="#[e9]">&gt;&gt;</a>&nbsp;&nbsp;&nbsp;__main_after_scatterload
</UL>
<BR>[Called By]<UL><LI><a href="#[c8]">&gt;&gt;</a>&nbsp;&nbsp;&nbsp;_main_scatterload
</UL>

<P><STRONG><a name="[3f8]"></a>__scatterload_rt2</STRONG> (Thumb, 0 bytes, Stack size 0 bytes, init.o(.text), UNUSED)

<P><STRONG><a name="[dc]"></a>__aeabi_llsl</STRONG> (Thumb, 30 bytes, Stack size 0 bytes, llshl.o(.text), UNUSED)
<BR><BR>[Called By]<UL><LI><a href="#[e2]">&gt;&gt;</a>&nbsp;&nbsp;&nbsp;_double_epilogue
<LI><a href="#[da]">&gt;&gt;</a>&nbsp;&nbsp;&nbsp;__aeabi_uldivmod
<LI><a href="#[e8]">&gt;&gt;</a>&nbsp;&nbsp;&nbsp;__aeabi_d2ulz
<LI><a href="#[e0]">&gt;&gt;</a>&nbsp;&nbsp;&nbsp;__aeabi_dadd
</UL>

<P><STRONG><a name="[3f9]"></a>_ll_shift_l</STRONG> (Thumb, 0 bytes, Stack size 0 bytes, llshl.o(.text), UNUSED)

<P><STRONG><a name="[e1]"></a>__aeabi_lasr</STRONG> (Thumb, 36 bytes, Stack size 0 bytes, llsshr.o(.text), UNUSED)
<BR><BR>[Called By]<UL><LI><a href="#[e0]">&gt;&gt;</a>&nbsp;&nbsp;&nbsp;__aeabi_dadd
</UL>

<P><STRONG><a name="[3fa]"></a>_ll_sshift_r</STRONG> (Thumb, 0 bytes, Stack size 0 bytes, llsshr.o(.text), UNUSED)

<P><STRONG><a name="[de]"></a>__vfscanf</STRONG> (Thumb, 808 bytes, Stack size 88 bytes, _scanf.o(.text))
<BR><BR>[Stack]<UL><LI>Max Depth = 144<LI>Call Chain = __vfscanf &rArr; _scanf_string
</UL>
<BR>[Calls]<UL><LI><a href="#[ea]">&gt;&gt;</a>&nbsp;&nbsp;&nbsp;_scanf_string
<LI><a href="#[d5]">&gt;&gt;</a>&nbsp;&nbsp;&nbsp;_scanf_int
</UL>
<BR>[Called By]<UL><LI><a href="#[d4]">&gt;&gt;</a>&nbsp;&nbsp;&nbsp;__vfscanf_char
</UL>

<P><STRONG><a name="[df]"></a>_strtoul</STRONG> (Thumb, 158 bytes, Stack size 40 bytes, _strtoul.o(.text))
<BR><BR>[Stack]<UL><LI>Max Depth = 40<LI>Call Chain = _strtoul
</UL>
<BR>[Calls]<UL><LI><a href="#[d6]">&gt;&gt;</a>&nbsp;&nbsp;&nbsp;_chval
<LI><a href="#[d8]">&gt;&gt;</a>&nbsp;&nbsp;&nbsp;__aeabi_errno_addr
</UL>
<BR>[Called By]<UL><LI><a href="#[d9]">&gt;&gt;</a>&nbsp;&nbsp;&nbsp;strtol
</UL>

<P><STRONG><a name="[e3]"></a>_double_round</STRONG> (Thumb, 30 bytes, Stack size 8 bytes, depilogue.o(.text), UNUSED)
<BR><BR>[Called By]<UL><LI><a href="#[e2]">&gt;&gt;</a>&nbsp;&nbsp;&nbsp;_double_epilogue
<LI><a href="#[e7]">&gt;&gt;</a>&nbsp;&nbsp;&nbsp;__aeabi_ddiv
<LI><a href="#[e0]">&gt;&gt;</a>&nbsp;&nbsp;&nbsp;__aeabi_dadd
</UL>

<P><STRONG><a name="[e2]"></a>_double_epilogue</STRONG> (Thumb, 156 bytes, Stack size 32 bytes, depilogue.o(.text), UNUSED)
<BR><BR>[Calls]<UL><LI><a href="#[dc]">&gt;&gt;</a>&nbsp;&nbsp;&nbsp;__aeabi_llsl
<LI><a href="#[e3]">&gt;&gt;</a>&nbsp;&nbsp;&nbsp;_double_round
<LI><a href="#[db]">&gt;&gt;</a>&nbsp;&nbsp;&nbsp;__aeabi_llsr
</UL>
<BR>[Called By]<UL><LI><a href="#[e6]">&gt;&gt;</a>&nbsp;&nbsp;&nbsp;__aeabi_dmul
<LI><a href="#[e0]">&gt;&gt;</a>&nbsp;&nbsp;&nbsp;__aeabi_dadd
</UL>

<P><STRONG><a name="[3fb]"></a>__decompress</STRONG> (Thumb, 0 bytes, Stack size unknown bytes, __dczerorl2.o(.text), UNUSED)

<P><STRONG><a name="[3fc]"></a>__decompress1</STRONG> (Thumb, 86 bytes, Stack size unknown bytes, __dczerorl2.o(.text), UNUSED)

<P><STRONG><a name="[7d]"></a>APP_TO_UART2_TXServer</STRONG> (Thumb, 44 bytes, Stack size 24 bytes, com_server.o(i.APP_TO_UART2_TXServer))
<BR><BR>[Stack]<UL><LI>Max Depth = 116<LI>Call Chain = APP_TO_UART2_TXServer &rArr; UART2_Transmit &rArr; HAL_UART_Transmit_DMA &rArr; HAL_DMA_Start_IT &rArr; DMA_SetConfig
</UL>
<BR>[Calls]<UL><LI><a href="#[eb]">&gt;&gt;</a>&nbsp;&nbsp;&nbsp;UART2_Transmit
</UL>
<BR>[Address Reference Count : 1]<UL><LI> com_server.o(i.UART_TO_FY1000_CCB_Init_S)
</UL>
<P><STRONG><a name="[7a]"></a>APP_TO_UART3_TXServer</STRONG> (Thumb, 44 bytes, Stack size 24 bytes, com_server.o(i.APP_TO_UART3_TXServer))
<BR><BR>[Stack]<UL><LI>Max Depth = 116<LI>Call Chain = APP_TO_UART3_TXServer &rArr; UART3_Transmit &rArr; HAL_UART_Transmit_DMA &rArr; HAL_DMA_Start_IT &rArr; DMA_SetConfig
</UL>
<BR>[Calls]<UL><LI><a href="#[ec]">&gt;&gt;</a>&nbsp;&nbsp;&nbsp;UART3_Transmit
</UL>
<BR>[Address Reference Count : 8]<UL><LI> com_server.o(i.UART_TO_BRC188_CCB_Init_S)
<LI> com_server.o(i.UART_TO_DDF2_CCB_Init_S)
<LI> com_server.o(i.UART_TO_FY188_CCB_Init_S)
<LI> com_server.o(i.UART_TO_FY2000_CCB_Init_S)
<LI> com_server.o(i.UART_TO_HT2X188_CCB_Init_S)
<LI> com_server.o(i.UART_TO_HZCRL_CCB_Init_S)
<LI> com_server.o(i.UART_TO_NWK_CCB_Init_S)
<LI> com_server.o(i.UART_TO_XY188_CCB_Init_S)
</UL>
<P><STRONG><a name="[2e4]"></a>AlarmClk_CreatOne</STRONG> (Thumb, 108 bytes, Stack size 16 bytes, alarmclk.o(i.AlarmClk_CreatOne))
<BR><BR>[Stack]<UL><LI>Max Depth = 16<LI>Call Chain = AlarmClk_CreatOne
</UL>
<BR>[Called By]<UL><LI><a href="#[5a]">&gt;&gt;</a>&nbsp;&nbsp;&nbsp;main
<LI><a href="#[96]">&gt;&gt;</a>&nbsp;&nbsp;&nbsp;Task12_F
</UL>

<P><STRONG><a name="[2e5]"></a>AlarmClk_EnableCtrl</STRONG> (Thumb, 4 bytes, Stack size 0 bytes, alarmclk.o(i.AlarmClk_EnableCtrl))
<BR><BR>[Called By]<UL><LI><a href="#[5a]">&gt;&gt;</a>&nbsp;&nbsp;&nbsp;main
<LI><a href="#[96]">&gt;&gt;</a>&nbsp;&nbsp;&nbsp;Task12_F
</UL>

<P><STRONG><a name="[2d3]"></a>AlarmClk_ExecutServer</STRONG> (Thumb, 216 bytes, Stack size 16 bytes, alarmclk.o(i.AlarmClk_ExecutServer))
<BR><BR>[Stack]<UL><LI>Max Depth = 16<LI>Call Chain = AlarmClk_ExecutServer
</UL>
<BR>[Called By]<UL><LI><a href="#[8b]">&gt;&gt;</a>&nbsp;&nbsp;&nbsp;Task01_F
</UL>

<P><STRONG><a name="[37b]"></a>AlarmClk_Init</STRONG> (Thumb, 58 bytes, Stack size 0 bytes, alarmclk.o(i.AlarmClk_Init))
<BR><BR>[Called By]<UL><LI><a href="#[5a]">&gt;&gt;</a>&nbsp;&nbsp;&nbsp;main
</UL>

<P><STRONG><a name="[ed]"></a>AlarmClk_ParaSet</STRONG> (Thumb, 130 bytes, Stack size 32 bytes, alarmclk.o(i.AlarmClk_ParaSet))
<BR><BR>[Stack]<UL><LI>Max Depth = 160<LI>Call Chain = AlarmClk_ParaSet &rArr; osMutexWait &rArr; xQueueGenericReceive &rArr; vTaskPlaceOnEventList &rArr; prvAddCurrentTaskToDelayedList &rArr; vListInsert
</UL>
<BR>[Calls]<UL><LI><a href="#[ef]">&gt;&gt;</a>&nbsp;&nbsp;&nbsp;osMutexWait
<LI><a href="#[f3]">&gt;&gt;</a>&nbsp;&nbsp;&nbsp;osMutexRelease
<LI><a href="#[f1]">&gt;&gt;</a>&nbsp;&nbsp;&nbsp;osKernelSysTick
<LI><a href="#[ee]">&gt;&gt;</a>&nbsp;&nbsp;&nbsp;getTimeTick
<LI><a href="#[f2]">&gt;&gt;</a>&nbsp;&nbsp;&nbsp;__2printf
<LI><a href="#[f0]">&gt;&gt;</a>&nbsp;&nbsp;&nbsp;strrchr
</UL>
<BR>[Called By]<UL><LI><a href="#[5a]">&gt;&gt;</a>&nbsp;&nbsp;&nbsp;main
<LI><a href="#[96]">&gt;&gt;</a>&nbsp;&nbsp;&nbsp;Task12_F
</UL>

<P><STRONG><a name="[88]"></a>Alarm_DataSave_CallBack</STRONG> (Thumb, 148 bytes, Stack size 48 bytes, main.o(i.Alarm_DataSave_CallBack))
<BR><BR>[Stack]<UL><LI>Max Depth = 1704<LI>Call Chain = Alarm_DataSave_CallBack &rArr; SaveLog &rArr; SaveDeviceInfo &rArr; f_open &rArr; dir_register &rArr; dir_find &rArr; dir_next &rArr; create_chain &rArr; put_fat &rArr; move_window &rArr; sync_window &rArr; disk_write
</UL>
<BR>[Calls]<UL><LI><a href="#[f4]">&gt;&gt;</a>&nbsp;&nbsp;&nbsp;getRealTime
<LI><a href="#[f5]">&gt;&gt;</a>&nbsp;&nbsp;&nbsp;SaveLog
<LI><a href="#[ef]">&gt;&gt;</a>&nbsp;&nbsp;&nbsp;osMutexWait
<LI><a href="#[f3]">&gt;&gt;</a>&nbsp;&nbsp;&nbsp;osMutexRelease
<LI><a href="#[f1]">&gt;&gt;</a>&nbsp;&nbsp;&nbsp;osKernelSysTick
<LI><a href="#[f2]">&gt;&gt;</a>&nbsp;&nbsp;&nbsp;__2printf
<LI><a href="#[f0]">&gt;&gt;</a>&nbsp;&nbsp;&nbsp;strrchr
</UL>
<BR>[Address Reference Count : 1]<UL><LI> main.o(i.main)
</UL>
<P><STRONG><a name="[78]"></a>Alarm_UserShare_CallBack</STRONG> (Thumb, 432 bytes, Stack size 24 bytes, main.o(i.Alarm_UserShare_CallBack))
<BR><BR>[Stack]<UL><LI>Max Depth = 152<LI>Call Chain = Alarm_UserShare_CallBack &rArr; osMutexWait &rArr; xQueueGenericReceive &rArr; vTaskPlaceOnEventList &rArr; prvAddCurrentTaskToDelayedList &rArr; vListInsert
</UL>
<BR>[Calls]<UL><LI><a href="#[f6]">&gt;&gt;</a>&nbsp;&nbsp;&nbsp;SystemEnergyValue_Cal
<LI><a href="#[f7]">&gt;&gt;</a>&nbsp;&nbsp;&nbsp;xQueueGenericSend
<LI><a href="#[ef]">&gt;&gt;</a>&nbsp;&nbsp;&nbsp;osMutexWait
<LI><a href="#[f3]">&gt;&gt;</a>&nbsp;&nbsp;&nbsp;osMutexRelease
<LI><a href="#[f1]">&gt;&gt;</a>&nbsp;&nbsp;&nbsp;osKernelSysTick
<LI><a href="#[f2]">&gt;&gt;</a>&nbsp;&nbsp;&nbsp;__2printf
<LI><a href="#[f0]">&gt;&gt;</a>&nbsp;&nbsp;&nbsp;strrchr
</UL>
<BR>[Address Reference Count : 1]<UL><LI> main.o(i.Task12_F)
</UL>
<P><STRONG><a name="[f8]"></a>BRC188_Pack_0X01_S</STRONG> (Thumb, 96 bytes, Stack size 16 bytes, brc188pro.o(i.BRC188_Pack_0X01_S))
<BR><BR>[Stack]<UL><LI>Max Depth = 32<LI>Call Chain = BRC188_Pack_0X01_S &rArr; SUMCheck_Input
</UL>
<BR>[Calls]<UL><LI><a href="#[f9]">&gt;&gt;</a>&nbsp;&nbsp;&nbsp;SUMCheck_Input
</UL>
<BR>[Called By]<UL><LI><a href="#[105]">&gt;&gt;</a>&nbsp;&nbsp;&nbsp;BRC188_Pack_TxServer_S
</UL>

<P><STRONG><a name="[fd]"></a>BRC188_Pack_0X129_S</STRONG> (Thumb, 42 bytes, Stack size 8 bytes, brc188pro.o(i.BRC188_Pack_0X129_S))
<BR><BR>[Stack]<UL><LI>Max Depth = 8<LI>Call Chain = BRC188_Pack_0X129_S
</UL>
<BR>[Called By]<UL><LI><a href="#[fc]">&gt;&gt;</a>&nbsp;&nbsp;&nbsp;BRC188_Pack_Rx_S
</UL>

<P><STRONG><a name="[fa]"></a>BRC188_Pack_RxAnalyze_S</STRONG> (Thumb, 52 bytes, Stack size 24 bytes, brc188pro.o(i.BRC188_Pack_RxAnalyze_S))
<BR><BR>[Stack]<UL><LI>Max Depth = 488<LI>Call Chain = BRC188_Pack_RxAnalyze_S &rArr; BRC188_Pack_Rx_S &rArr; SysDevData_Save &rArr; SysDevData_Update &rArr; WriteData_FRAM &rArr; WriteData_FRAM_UnSafe &rArr; ReadData_FRAM_UnSafe &rArr; FRAM_Read &rArr; HAL_I2C_Mem_Read &rArr; I2C_RequestMemoryRead &rArr; I2C_WaitOnMasterAddressFlagUntilTimeout
</UL>
<BR>[Calls]<UL><LI><a href="#[fb]">&gt;&gt;</a>&nbsp;&nbsp;&nbsp;SUMCheck_Check
<LI><a href="#[fc]">&gt;&gt;</a>&nbsp;&nbsp;&nbsp;BRC188_Pack_Rx_S
</UL>
<BR>[Called By]<UL><LI><a href="#[79]">&gt;&gt;</a>&nbsp;&nbsp;&nbsp;BRC188_Pack_RxServer_S
</UL>

<P><STRONG><a name="[79]"></a>BRC188_Pack_RxServer_S</STRONG> (Thumb, 484 bytes, Stack size 24 bytes, brc188pro.o(i.BRC188_Pack_RxServer_S))
<BR><BR>[Stack]<UL><LI>Max Depth = 512<LI>Call Chain = BRC188_Pack_RxServer_S &rArr; BRC188_Pack_RxAnalyze_S &rArr; BRC188_Pack_Rx_S &rArr; SysDevData_Save &rArr; SysDevData_Update &rArr; WriteData_FRAM &rArr; WriteData_FRAM_UnSafe &rArr; ReadData_FRAM_UnSafe &rArr; FRAM_Read &rArr; HAL_I2C_Mem_Read &rArr; I2C_RequestMemoryRead &rArr; I2C_WaitOnMasterAddressFlagUntilTimeout
</UL>
<BR>[Calls]<UL><LI><a href="#[fa]">&gt;&gt;</a>&nbsp;&nbsp;&nbsp;BRC188_Pack_RxAnalyze_S
</UL>
<BR>[Address Reference Count : 1]<UL><LI> com_server.o(i.UART_TO_BRC188_CCB_Init_S)
</UL>
<P><STRONG><a name="[fc]"></a>BRC188_Pack_Rx_S</STRONG> (Thumb, 1782 bytes, Stack size 160 bytes, brc188pro.o(i.BRC188_Pack_Rx_S))
<BR><BR>[Stack]<UL><LI>Max Depth = 464<LI>Call Chain = BRC188_Pack_Rx_S &rArr; SysDevData_Save &rArr; SysDevData_Update &rArr; WriteData_FRAM &rArr; WriteData_FRAM_UnSafe &rArr; ReadData_FRAM_UnSafe &rArr; FRAM_Read &rArr; HAL_I2C_Mem_Read &rArr; I2C_RequestMemoryRead &rArr; I2C_WaitOnMasterAddressFlagUntilTimeout
</UL>
<BR>[Calls]<UL><LI><a href="#[103]">&gt;&gt;</a>&nbsp;&nbsp;&nbsp;UserData_Save
<LI><a href="#[104]">&gt;&gt;</a>&nbsp;&nbsp;&nbsp;FY_1000Send_Code_QInput
<LI><a href="#[ef]">&gt;&gt;</a>&nbsp;&nbsp;&nbsp;osMutexWait
<LI><a href="#[f3]">&gt;&gt;</a>&nbsp;&nbsp;&nbsp;osMutexRelease
<LI><a href="#[f1]">&gt;&gt;</a>&nbsp;&nbsp;&nbsp;osKernelSysTick
<LI><a href="#[101]">&gt;&gt;</a>&nbsp;&nbsp;&nbsp;SysDevData_Save
<LI><a href="#[102]">&gt;&gt;</a>&nbsp;&nbsp;&nbsp;GetUser_Num
<LI><a href="#[fd]">&gt;&gt;</a>&nbsp;&nbsp;&nbsp;BRC188_Pack_0X129_S
<LI><a href="#[fe]">&gt;&gt;</a>&nbsp;&nbsp;&nbsp;BcdToHex4
<LI><a href="#[ff]">&gt;&gt;</a>&nbsp;&nbsp;&nbsp;BcdToHex2
<LI><a href="#[100]">&gt;&gt;</a>&nbsp;&nbsp;&nbsp;BcdToHex
<LI><a href="#[f2]">&gt;&gt;</a>&nbsp;&nbsp;&nbsp;__2printf
<LI><a href="#[f0]">&gt;&gt;</a>&nbsp;&nbsp;&nbsp;strrchr
</UL>
<BR>[Called By]<UL><LI><a href="#[fa]">&gt;&gt;</a>&nbsp;&nbsp;&nbsp;BRC188_Pack_RxAnalyze_S
</UL>

<P><STRONG><a name="[105]"></a>BRC188_Pack_TxServer_S</STRONG> (Thumb, 104 bytes, Stack size 16 bytes, brc188pro.o(i.BRC188_Pack_TxServer_S))
<BR><BR>[Stack]<UL><LI>Max Depth = 120<LI>Call Chain = BRC188_Pack_TxServer_S &rArr; xQueueGenericReceive &rArr; vTaskPlaceOnEventList &rArr; prvAddCurrentTaskToDelayedList &rArr; vListInsert
</UL>
<BR>[Calls]<UL><LI><a href="#[106]">&gt;&gt;</a>&nbsp;&nbsp;&nbsp;xQueueGenericReceive
<LI><a href="#[f8]">&gt;&gt;</a>&nbsp;&nbsp;&nbsp;BRC188_Pack_0X01_S
<LI><a href="#[107]">&gt;&gt;</a>&nbsp;&nbsp;&nbsp;__aeabi_memcpy4
</UL>
<BR>[Called By]<UL><LI><a href="#[91]">&gt;&gt;</a>&nbsp;&nbsp;&nbsp;Task07_F
</UL>

<P><STRONG><a name="[108]"></a>BRC_188Send_Code_QInput</STRONG> (Thumb, 44 bytes, Stack size 16 bytes, clientapp.o(i.BRC_188Send_Code_QInput))
<BR><BR>[Stack]<UL><LI>Max Depth = 144<LI>Call Chain = BRC_188Send_Code_QInput &rArr; osMutexWait &rArr; xQueueGenericReceive &rArr; vTaskPlaceOnEventList &rArr; prvAddCurrentTaskToDelayedList &rArr; vListInsert
</UL>
<BR>[Calls]<UL><LI><a href="#[ef]">&gt;&gt;</a>&nbsp;&nbsp;&nbsp;osMutexWait
<LI><a href="#[f3]">&gt;&gt;</a>&nbsp;&nbsp;&nbsp;osMutexRelease
<LI><a href="#[109]">&gt;&gt;</a>&nbsp;&nbsp;&nbsp;ClientCH1_QueueSend
</UL>
<BR>[Called By]<UL><LI><a href="#[92]">&gt;&gt;</a>&nbsp;&nbsp;&nbsp;Task08_F
<LI><a href="#[17e]">&gt;&gt;</a>&nbsp;&nbsp;&nbsp;FY1000_Pack_Rx_S
</UL>

<P><STRONG><a name="[10a]"></a>BSP_SD_GetCardInfo</STRONG> (Thumb, 14 bytes, Stack size 8 bytes, bsp_driver_sd.o(i.BSP_SD_GetCardInfo))
<BR><BR>[Stack]<UL><LI>Max Depth = 8<LI>Call Chain = BSP_SD_GetCardInfo
</UL>
<BR>[Calls]<UL><LI><a href="#[10b]">&gt;&gt;</a>&nbsp;&nbsp;&nbsp;HAL_SD_GetCardInfo
</UL>
<BR>[Called By]<UL><LI><a href="#[9f]">&gt;&gt;</a>&nbsp;&nbsp;&nbsp;SD_ioctl
</UL>

<P><STRONG><a name="[10c]"></a>BSP_SD_GetCardState</STRONG> (Thumb, 20 bytes, Stack size 8 bytes, bsp_driver_sd.o(i.BSP_SD_GetCardState))
<BR><BR>[Stack]<UL><LI>Max Depth = 120<LI>Call Chain = BSP_SD_GetCardState &rArr; HAL_SD_GetCardState &rArr; SD_SendStatus &rArr; SDMMC_CmdSendStatus &rArr; SDMMC_GetCmdResp1 &rArr; SDIO_GetResponse
</UL>
<BR>[Calls]<UL><LI><a href="#[10d]">&gt;&gt;</a>&nbsp;&nbsp;&nbsp;HAL_SD_GetCardState
</UL>
<BR>[Called By]<UL><LI><a href="#[9e]">&gt;&gt;</a>&nbsp;&nbsp;&nbsp;SD_write
<LI><a href="#[9c]">&gt;&gt;</a>&nbsp;&nbsp;&nbsp;SD_status
<LI><a href="#[9d]">&gt;&gt;</a>&nbsp;&nbsp;&nbsp;SD_read
</UL>

<P><STRONG><a name="[10e]"></a>BSP_SD_Init</STRONG> (Thumb, 44 bytes, Stack size 8 bytes, bsp_driver_sd.o(i.BSP_SD_Init))
<BR><BR>[Stack]<UL><LI>Max Depth = 216<LI>Call Chain = BSP_SD_Init &rArr; HAL_SD_ConfigWideBusOperation &rArr; SD_WideBus_Enable &rArr; SD_FindSCR &rArr; SDMMC_CmdBlockLength &rArr; SDMMC_GetCmdResp1 &rArr; SDIO_GetResponse
</UL>
<BR>[Calls]<UL><LI><a href="#[110]">&gt;&gt;</a>&nbsp;&nbsp;&nbsp;HAL_SD_Init
<LI><a href="#[111]">&gt;&gt;</a>&nbsp;&nbsp;&nbsp;HAL_SD_ConfigWideBusOperation
[...]
<BR><BR>[Called By]<UL><LI><a href="#[236]">&gt;&gt;</a>&nbsp;&nbsp;&nbsp;pack_Hton
</UL>

<P><STRONG><a name="[28f]"></a>ReadData_FRAM_UnSafe</STRONG> (Thumb, 110 bytes, Stack size 24 bytes, fram.o(i.ReadData_FRAM_UnSafe))
<BR><BR>[Stack]<UL><LI>Max Depth = 160<LI>Call Chain = ReadData_FRAM_UnSafe &rArr; FRAM_Read &rArr; HAL_I2C_Mem_Read &rArr; I2C_RequestMemoryRead &rArr; I2C_WaitOnMasterAddressFlagUntilTimeout
</UL>
<BR>[Calls]<UL><LI><a href="#[290]">&gt;&gt;</a>&nbsp;&nbsp;&nbsp;CRC16Check
<LI><a href="#[15c]">&gt;&gt;</a>&nbsp;&nbsp;&nbsp;FRAM_Read
<LI><a href="#[11b]">&gt;&gt;</a>&nbsp;&nbsp;&nbsp;__aeabi_memcpy
</UL>
<BR>[Called By]<UL><LI><a href="#[28a]">&gt;&gt;</a>&nbsp;&nbsp;&nbsp;ReadData_FRAM
<LI><a href="#[30f]">&gt;&gt;</a>&nbsp;&nbsp;&nbsp;WriteData_FRAM_UnSafe
</UL>

<P><STRONG><a name="[30f]"></a>WriteData_FRAM_UnSafe</STRONG> (Thumb, 112 bytes, Stack size 24 bytes, fram.o(i.WriteData_FRAM_UnSafe))
<BR><BR>[Stack]<UL><LI>Max Depth = 184<LI>Call Chain = WriteData_FRAM_UnSafe &rArr; ReadData_FRAM_UnSafe &rArr; FRAM_Read &rArr; HAL_I2C_Mem_Read &rArr; I2C_RequestMemoryRead &rArr; I2C_WaitOnMasterAddressFlagUntilTimeout
</UL>
<BR>[Calls]<UL><LI><a href="#[310]">&gt;&gt;</a>&nbsp;&nbsp;&nbsp;CRC16Put
<LI><a href="#[15e]">&gt;&gt;</a>&nbsp;&nbsp;&nbsp;FRAM_Write
<LI><a href="#[28f]">&gt;&gt;</a>&nbsp;&nbsp;&nbsp;ReadData_FRAM_UnSafe
</UL>
<BR>[Called By]<UL><LI><a href="#[28c]">&gt;&gt;</a>&nbsp;&nbsp;&nbsp;WriteData_FRAM
</UL>

<P><STRONG><a name="[253]"></a>MX_CRC_Init</STRONG> (Thumb, 26 bytes, Stack size 8 bytes, m4_crc.o(i.MX_CRC_Init))
<BR><BR>[Stack]<UL><LI>Max Depth = 24<LI>Call Chain = MX_CRC_Init &rArr; HAL_CRC_Init &rArr; HAL_CRC_MspInit
</UL>
<BR>[Calls]<UL><LI><a href="#[1fc]">&gt;&gt;</a>&nbsp;&nbsp;&nbsp;_Error_Handler
<LI><a href="#[1c6]">&gt;&gt;</a>&nbsp;&nbsp;&nbsp;HAL_CRC_Init
</UL>
<BR>[Called By]<UL><LI><a href="#[252]">&gt;&gt;</a>&nbsp;&nbsp;&nbsp;M4_CRC_PHY_Init
</UL>

<P><STRONG><a name="[292]"></a>ReadData_SPIFlash_UnSafe</STRONG> (Thumb, 254 bytes, Stack size 40 bytes, w25qxx.o(i.ReadData_SPIFlash_UnSafe))
<BR><BR>[Stack]<UL><LI>Max Depth = 176<LI>Call Chain = ReadData_SPIFlash_UnSafe &rArr; W25QXX_ReadBuffer &rArr; SPI1_ReadWriteByte &rArr; HAL_SPI_TransmitReceive &rArr; SPI_CheckFlag_BSY &rArr; SPI_WaitFlagStateUntilTimeout
</UL>
<BR>[Calls]<UL><LI><a href="#[1a0]">&gt;&gt;</a>&nbsp;&nbsp;&nbsp;vPortFree
<LI><a href="#[19e]">&gt;&gt;</a>&nbsp;&nbsp;&nbsp;pvPortMalloc
<LI><a href="#[ef]">&gt;&gt;</a>&nbsp;&nbsp;&nbsp;osMutexWait
<LI><a href="#[f3]">&gt;&gt;</a>&nbsp;&nbsp;&nbsp;osMutexRelease
<LI><a href="#[f1]">&gt;&gt;</a>&nbsp;&nbsp;&nbsp;osKernelSysTick
<LI><a href="#[290]">&gt;&gt;</a>&nbsp;&nbsp;&nbsp;CRC16Check
<LI><a href="#[293]">&gt;&gt;</a>&nbsp;&nbsp;&nbsp;W25QXX_ReadBuffer
<LI><a href="#[f2]">&gt;&gt;</a>&nbsp;&nbsp;&nbsp;__2printf
<LI><a href="#[f0]">&gt;&gt;</a>&nbsp;&nbsp;&nbsp;strrchr
<LI><a href="#[11b]">&gt;&gt;</a>&nbsp;&nbsp;&nbsp;__aeabi_memcpy
</UL>
<BR>[Called By]<UL><LI><a href="#[291]">&gt;&gt;</a>&nbsp;&nbsp;&nbsp;ReadData_SPIFlash
</UL>

<P><STRONG><a name="[311]"></a>WriteData_SPIFlash_UnSafe</STRONG> (Thumb, 112 bytes, Stack size 24 bytes, w25qxx.o(i.WriteData_SPIFlash_UnSafe))
<BR><BR>[Stack]<UL><LI>Max Depth = 256<LI>Call Chain = WriteData_SPIFlash_UnSafe &rArr; W25QXX_WriteBuffer &rArr; W25QXX_SectorWrite &rArr; W25QXX_PageWrite &rArr; W25QXX_Wait_Busy &rArr; W25QXX_ReadSR &rArr; SPI1_ReadWriteByte &rArr; HAL_SPI_TransmitReceive &rArr; SPI_CheckFlag_BSY &rArr; SPI_WaitFlagStateUntilTimeout
</UL>
<BR>[Calls]<UL><LI><a href="#[310]">&gt;&gt;</a>&nbsp;&nbsp;&nbsp;CRC16Put
<LI><a href="#[30e]">&gt;&gt;</a>&nbsp;&nbsp;&nbsp;W25QXX_WriteBuffer
<LI><a href="#[293]">&gt;&gt;</a>&nbsp;&nbsp;&nbsp;W25QXX_ReadBuffer
</UL>
<BR>[Called By]<UL><LI><a href="#[2c8]">&gt;&gt;</a>&nbsp;&nbsp;&nbsp;WriteData_SPIFlash
</UL>

<P><STRONG><a name="[30b]"></a>spiFlash_SysInit</STRONG> (Thumb, 32 bytes, Stack size 8 bytes, w25qxx.o(i.spiFlash_SysInit))
<BR><BR>[Stack]<UL><LI>Max Depth = 152<LI>Call Chain = spiFlash_SysInit &rArr; osMutexCreate &rArr; xQueueCreateMutex &rArr; prvInitialiseMutex &rArr; xQueueGenericSend &rArr; vTaskPlaceOnEventList &rArr; prvAddCurrentTaskToDelayedList &rArr; vListInsert
</UL>
<BR>[Calls]<UL><LI><a href="#[11a]">&gt;&gt;</a>&nbsp;&nbsp;&nbsp;osMutexCreate
</UL>
<BR>[Called By]<UL><LI><a href="#[307]">&gt;&gt;</a>&nbsp;&nbsp;&nbsp;W25QXX_Init
</UL>

<P><STRONG><a name="[36f]"></a>fls</STRONG> (Thumb, 28 bytes, Stack size 0 bytes, kfifo.o(i.fls))
<BR><BR>[Called By]<UL><LI><a href="#[36e]">&gt;&gt;</a>&nbsp;&nbsp;&nbsp;fls_long
</UL>

<P><STRONG><a name="[36e]"></a>fls_long</STRONG> (Thumb, 12 bytes, Stack size 8 bytes, kfifo.o(i.fls_long))
<BR><BR>[Stack]<UL><LI>Max Depth = 8<LI>Call Chain = fls_long
</UL>
<BR>[Calls]<UL><LI><a href="#[36f]">&gt;&gt;</a>&nbsp;&nbsp;&nbsp;fls
</UL>
<BR>[Called By]<UL><LI><a href="#[378]">&gt;&gt;</a>&nbsp;&nbsp;&nbsp;roundup_pow_of_two
</UL>

<P><STRONG><a name="[378]"></a>roundup_pow_of_two</STRONG> (Thumb, 18 bytes, Stack size 8 bytes, kfifo.o(i.roundup_pow_of_two))
<BR><BR>[Stack]<UL><LI>Max Depth = 16<LI>Call Chain = roundup_pow_of_two &rArr; fls_long
</UL>
<BR>[Calls]<UL><LI><a href="#[36e]">&gt;&gt;</a>&nbsp;&nbsp;&nbsp;fls_long
</UL>
<BR>[Called By]<UL><LI><a href="#[331]">&gt;&gt;</a>&nbsp;&nbsp;&nbsp;kfifo_alloc
</UL>

<P><STRONG><a name="[a6]"></a>clear_screen</STRONG> (Thumb, 50 bytes, Stack size 24 bytes, rtx_cli.o(i.clear_screen))
<BR><BR>[Stack]<UL><LI>Max Depth = 56<LI>Call Chain = clear_screen &rArr; __2snprintf
</UL>
<BR>[Calls]<UL><LI><a href="#[324]">&gt;&gt;</a>&nbsp;&nbsp;&nbsp;__2snprintf
<LI><a href="#[2b9]">&gt;&gt;</a>&nbsp;&nbsp;&nbsp;strlen
</UL>
<BR>[Address Reference Count : 1]<UL><LI> rtx_cli.o(.constdata)
</UL>
<P><STRONG><a name="[a3]"></a>cli_exit_handler</STRONG> (Thumb, 2 bytes, Stack size 0 bytes, rtx_cli.o(i.cli_exit_handler))
<BR>[Address Reference Count : 1]<UL><LI> rtx_cli.o(.constdata)
</UL>
<P><STRONG><a name="[32c]"></a>get_input</STRONG> (Thumb, 290 bytes, Stack size 16 bytes, rtx_cli.o(i.get_input))
<BR><BR>[Stack]<UL><LI>Max Depth = 176<LI>Call Chain = get_input &rArr; tab_complete &rArr; osMutexWait &rArr; xQueueGenericReceive &rArr; vTaskPlaceOnEventList &rArr; prvAddCurrentTaskToDelayedList &rArr; vListInsert
</UL>
<BR>[Calls]<UL><LI><a href="#[ef]">&gt;&gt;</a>&nbsp;&nbsp;&nbsp;osMutexWait
<LI><a href="#[f3]">&gt;&gt;</a>&nbsp;&nbsp;&nbsp;osMutexRelease
<LI><a href="#[1a5]">&gt;&gt;</a>&nbsp;&nbsp;&nbsp;osDelay
<LI><a href="#[327]">&gt;&gt;</a>&nbsp;&nbsp;&nbsp;cli_getchar
<LI><a href="#[373]">&gt;&gt;</a>&nbsp;&nbsp;&nbsp;tab_complete
<LI><a href="#[f2]">&gt;&gt;</a>&nbsp;&nbsp;&nbsp;__2printf
</UL>
<BR>[Called By]<UL><LI><a href="#[2e6]">&gt;&gt;</a>&nbsp;&nbsp;&nbsp;cli_main
</UL>

<P><STRONG><a name="[32e]"></a>handle_input</STRONG> (Thumb, 588 bytes, Stack size 32 bytes, rtx_cli.o(i.handle_input))
<BR><BR>[Stack]<UL><LI>Max Depth = 160<LI>Call Chain = handle_input &rArr; osMutexWait &rArr; xQueueGenericReceive &rArr; vTaskPlaceOnEventList &rArr; prvAddCurrentTaskToDelayedList &rArr; vListInsert
</UL>
<BR>[Calls]<UL><LI><a href="#[ef]">&gt;&gt;</a>&nbsp;&nbsp;&nbsp;osMutexWait
<LI><a href="#[f3]">&gt;&gt;</a>&nbsp;&nbsp;&nbsp;osMutexRelease
<LI><a href="#[375]">&gt;&gt;</a>&nbsp;&nbsp;&nbsp;lookup_command
<LI><a href="#[f2]">&gt;&gt;</a>&nbsp;&nbsp;&nbsp;__2printf
<LI><a href="#[2b9]">&gt;&gt;</a>&nbsp;&nbsp;&nbsp;strlen
<LI><a href="#[374]">&gt;&gt;</a>&nbsp;&nbsp;&nbsp;strchr
<LI><a href="#[32a]">&gt;&gt;</a>&nbsp;&nbsp;&nbsp;__aeabi_memclr4
<LI><a href="#[11b]">&gt;&gt;</a>&nbsp;&nbsp;&nbsp;__aeabi_memcpy
</UL>
<BR>[Called By]<UL><LI><a href="#[2e6]">&gt;&gt;</a>&nbsp;&nbsp;&nbsp;cli_main
</UL>

<P><STRONG><a name="[a1]"></a>help_command</STRONG> (Thumb, 224 bytes, Stack size 40 bytes, rtx_cli.o(i.help_command))
<BR><BR>[Stack]<UL><LI>Max Depth = 72<LI>Call Chain = help_command &rArr; __2snprintf
</UL>
<BR>[Calls]<UL><LI><a href="#[324]">&gt;&gt;</a>&nbsp;&nbsp;&nbsp;__2snprintf
<LI><a href="#[2b9]">&gt;&gt;</a>&nbsp;&nbsp;&nbsp;strlen
</UL>
<BR>[Address Reference Count : 1]<UL><LI> rtx_cli.o(.constdata)
</UL>
<P><STRONG><a name="[375]"></a>lookup_command</STRONG> (Thumb, 138 bytes, Stack size 24 bytes, rtx_cli.o(i.lookup_command))
<BR><BR>[Stack]<UL><LI>Max Depth = 36<LI>Call Chain = lookup_command &rArr; strncmp
</UL>
<BR>[Calls]<UL><LI><a href="#[37a]">&gt;&gt;</a>&nbsp;&nbsp;&nbsp;strncmp
<LI><a href="#[32d]">&gt;&gt;</a>&nbsp;&nbsp;&nbsp;strcmp
</UL>
<BR>[Called By]<UL><LI><a href="#[32e]">&gt;&gt;</a>&nbsp;&nbsp;&nbsp;handle_input
</UL>

<P><STRONG><a name="[32f]"></a>print_bad_command</STRONG> (Thumb, 162 bytes, Stack size 16 bytes, rtx_cli.o(i.print_bad_command))
<BR><BR>[Stack]<UL><LI>Max Depth = 144<LI>Call Chain = print_bad_command &rArr; osMutexWait &rArr; xQueueGenericReceive &rArr; vTaskPlaceOnEventList &rArr; prvAddCurrentTaskToDelayedList &rArr; vListInsert
</UL>
<BR>[Calls]<UL><LI><a href="#[ef]">&gt;&gt;</a>&nbsp;&nbsp;&nbsp;osMutexWait
<LI><a href="#[f3]">&gt;&gt;</a>&nbsp;&nbsp;&nbsp;osMutexRelease
<LI><a href="#[f2]">&gt;&gt;</a>&nbsp;&nbsp;&nbsp;__2printf
<LI><a href="#[cb]">&gt;&gt;</a>&nbsp;&nbsp;&nbsp;__rt_ctype_table
</UL>
<BR>[Called By]<UL><LI><a href="#[2e6]">&gt;&gt;</a>&nbsp;&nbsp;&nbsp;cli_main
</UL>

<P><STRONG><a name="[c7]"></a>sysdebug_Command</STRONG> (Thumb, 250 bytes, Stack size 32 bytes, rtx_cli.o(i.sysdebug_Command))
<BR><BR>[Stack]<UL><LI>Max Depth = 336<LI>Call Chain = sysdebug_Command &rArr; Updatedebug &rArr; SysPara_Update &rArr; WriteData_SPIFlash &rArr; WriteData_SPIFlash_UnSafe &rArr; W25QXX_WriteBuffer &rArr; W25QXX_SectorWrite &rArr; W25QXX_PageWrite &rArr; W25QXX_Wait_Busy &rArr; W25QXX_ReadSR &rArr; SPI1_ReadWriteByte &rArr; HAL_SPI_TransmitReceive &rArr; SPI_CheckFlag_BSY &rArr; SPI_WaitFlagStateUntilTimeout
</UL>
<BR>[Calls]<UL><LI><a href="#[2ff]">&gt;&gt;</a>&nbsp;&nbsp;&nbsp;Updatedebug
<LI><a href="#[d7]">&gt;&gt;</a>&nbsp;&nbsp;&nbsp;atoi
<LI><a href="#[324]">&gt;&gt;</a>&nbsp;&nbsp;&nbsp;__2snprintf
<LI><a href="#[d1]">&gt;&gt;</a>&nbsp;&nbsp;&nbsp;strcasecmp
<LI><a href="#[2b9]">&gt;&gt;</a>&nbsp;&nbsp;&nbsp;strlen
</UL>
<BR>[Address Reference Count : 1]<UL><LI> rtx_cli.o(.constdata)
</UL>
<P><STRONG><a name="[373]"></a>tab_complete</STRONG> (Thumb, 344 bytes, Stack size 32 bytes, rtx_cli.o(i.tab_complete))
<BR><BR>[Stack]<UL><LI>Max Depth = 160<LI>Call Chain = tab_complete &rArr; osMutexWait &rArr; xQueueGenericReceive &rArr; vTaskPlaceOnEventList &rArr; prvAddCurrentTaskToDelayedList &rArr; vListInsert
</UL>
<BR>[Calls]<UL><LI><a href="#[ef]">&gt;&gt;</a>&nbsp;&nbsp;&nbsp;osMutexWait
<LI><a href="#[f3]">&gt;&gt;</a>&nbsp;&nbsp;&nbsp;osMutexRelease
<LI><a href="#[f2]">&gt;&gt;</a>&nbsp;&nbsp;&nbsp;__2printf
<LI><a href="#[37a]">&gt;&gt;</a>&nbsp;&nbsp;&nbsp;strncmp
<LI><a href="#[2b9]">&gt;&gt;</a>&nbsp;&nbsp;&nbsp;strlen
<LI><a href="#[11b]">&gt;&gt;</a>&nbsp;&nbsp;&nbsp;__aeabi_memcpy
</UL>
<BR>[Called By]<UL><LI><a href="#[32c]">&gt;&gt;</a>&nbsp;&nbsp;&nbsp;get_input
</UL>

<P><STRONG><a name="[294]"></a>Receive_Byte</STRONG> (Thumb, 64 bytes, Stack size 24 bytes, ymodem.o(i.Receive_Byte))
<BR><BR>[Stack]<UL><LI>Max Depth = 96<LI>Call Chain = Receive_Byte &rArr; osDelay &rArr; vTaskDelay &rArr; xTaskResumeAll &rArr; xTaskIncrementTick
</UL>
<BR>[Calls]<UL><LI><a href="#[23a]">&gt;&gt;</a>&nbsp;&nbsp;&nbsp;xTaskGetTickCount
<LI><a href="#[1a5]">&gt;&gt;</a>&nbsp;&nbsp;&nbsp;osDelay
<LI><a href="#[295]">&gt;&gt;</a>&nbsp;&nbsp;&nbsp;getc
</UL>
<BR>[Called By]<UL><LI><a href="#[296]">&gt;&gt;</a>&nbsp;&nbsp;&nbsp;Receive_Packet
</UL>

<P><STRONG><a name="[296]"></a>Receive_Packet</STRONG> (Thumb, 188 bytes, Stack size 32 bytes, ymodem.o(i.Receive_Packet))
<BR><BR>[Stack]<UL><LI>Max Depth = 128<LI>Call Chain = Receive_Packet &rArr; Receive_Byte &rArr; osDelay &rArr; vTaskDelay &rArr; xTaskResumeAll &rArr; xTaskIncrementTick
</UL>
<BR>[Calls]<UL><LI><a href="#[294]">&gt;&gt;</a>&nbsp;&nbsp;&nbsp;Receive_Byte
</UL>
<BR>[Called By]<UL><LI><a href="#[2c0]">&gt;&gt;</a>&nbsp;&nbsp;&nbsp;Ymodem_Receive
</UL>

<P><STRONG><a name="[2bc]"></a>Send_Byte</STRONG> (Thumb, 16 bytes, Stack size 8 bytes, ymodem.o(i.Send_Byte))
<BR><BR>[Stack]<UL><LI>Max Depth = 80<LI>Call Chain = Send_Byte &rArr; putc &rArr; fputc &rArr; HAL_UART_Transmit &rArr; UART_WaitOnFlagUntilTimeout
</UL>
<BR>[Calls]<UL><LI><a href="#[2bd]">&gt;&gt;</a>&nbsp;&nbsp;&nbsp;putc
</UL>
<BR>[Called By]<UL><LI><a href="#[2c0]">&gt;&gt;</a>&nbsp;&nbsp;&nbsp;Ymodem_Receive
</UL>

<P><STRONG><a name="[3cf]"></a>spiFlashCopy</STRONG> (Thumb, 256 bytes, Stack size 72 bytes, updateparm.o(i.spiFlashCopy))
<BR><BR>[Stack]<UL><LI>Max Depth = 296<LI>Call Chain = spiFlashCopy &rArr; spiFlashWrite &rArr; W25QXX_SectorWrite &rArr; W25QXX_PageWrite &rArr; W25QXX_Wait_Busy &rArr; W25QXX_ReadSR &rArr; SPI1_ReadWriteByte &rArr; HAL_SPI_TransmitReceive &rArr; SPI_CheckFlag_BSY &rArr; SPI_WaitFlagStateUntilTimeout
</UL>
<BR>[Calls]<UL><LI><a href="#[ef]">&gt;&gt;</a>&nbsp;&nbsp;&nbsp;osMutexWait
<LI><a href="#[f3]">&gt;&gt;</a>&nbsp;&nbsp;&nbsp;osMutexRelease
<LI><a href="#[f1]">&gt;&gt;</a>&nbsp;&nbsp;&nbsp;osKernelSysTick
<LI><a href="#[19d]">&gt;&gt;</a>&nbsp;&nbsp;&nbsp;spiFlashWrite
<LI><a href="#[19f]">&gt;&gt;</a>&nbsp;&nbsp;&nbsp;spiFlashRead
<LI><a href="#[19c]">&gt;&gt;</a>&nbsp;&nbsp;&nbsp;spiFlashErase
<LI><a href="#[f2]">&gt;&gt;</a>&nbsp;&nbsp;&nbsp;__2printf
<LI><a href="#[f0]">&gt;&gt;</a>&nbsp;&nbsp;&nbsp;strrchr
<LI><a href="#[cf]">&gt;&gt;</a>&nbsp;&nbsp;&nbsp;__aeabi_memset
</UL>
<BR>[Called By]<UL><LI><a href="#[1a4]">&gt;&gt;</a>&nbsp;&nbsp;&nbsp;verifyProcessFile
</UL>

<P><STRONG><a name="[3d0]"></a>sprintfhex</STRONG> (Thumb, 36 bytes, Stack size 24 bytes, updateparm.o(i.sprintfhex))
<BR><BR>[Stack]<UL><LI>Max Depth = 48<LI>Call Chain = sprintfhex &rArr; __2sprintf
</UL>
<BR>[Calls]<UL><LI><a href="#[123]">&gt;&gt;</a>&nbsp;&nbsp;&nbsp;__2sprintf
</UL>
<BR>[Called By]<UL><LI><a href="#[1a4]">&gt;&gt;</a>&nbsp;&nbsp;&nbsp;verifyProcessFile
</UL>

<P><STRONG><a name="[12d]"></a>DisSDCard</STRONG> (Thumb, 118 bytes, Stack size 24 bytes, serialization.o(i.DisSDCard))
<BR><BR>[Stack]<UL><LI>Max Depth = 232<LI>Call Chain = DisSDCard &rArr; f_mount &rArr; find_volume &rArr; check_fs &rArr; move_window &rArr; sync_window &rArr; disk_write
</UL>
<BR>[Calls]<UL><LI><a href="#[12e]">&gt;&gt;</a>&nbsp;&nbsp;&nbsp;f_mount
<LI><a href="#[ef]">&gt;&gt;</a>&nbsp;&nbsp;&nbsp;osMutexWait
<LI><a href="#[f3]">&gt;&gt;</a>&nbsp;&nbsp;&nbsp;osMutexRelease
<LI><a href="#[f1]">&gt;&gt;</a>&nbsp;&nbsp;&nbsp;osKernelSysTick
<LI><a href="#[f2]">&gt;&gt;</a>&nbsp;&nbsp;&nbsp;__2printf
<LI><a href="#[f0]">&gt;&gt;</a>&nbsp;&nbsp;&nbsp;strrchr
</UL>
<BR>[Called By]<UL><LI><a href="#[2b7]">&gt;&gt;</a>&nbsp;&nbsp;&nbsp;SaveDeviceInfo
</UL>

<P><STRONG><a name="[247]"></a>InitSDCard</STRONG> (Thumb, 74 bytes, Stack size 16 bytes, serialization.o(i.InitSDCard))
<BR><BR>[Stack]<UL><LI>Max Depth = 248<LI>Call Chain = InitSDCard &rArr; MountFS &rArr; f_mount &rArr; find_volume &rArr; check_fs &rArr; move_window &rArr; sync_window &rArr; disk_write
</UL>
<BR>[Calls]<UL><LI><a href="#[248]">&gt;&gt;</a>&nbsp;&nbsp;&nbsp;checkCard
<LI><a href="#[249]">&gt;&gt;</a>&nbsp;&nbsp;&nbsp;MountFS
</UL>
<BR>[Called By]<UL><LI><a href="#[2b7]">&gt;&gt;</a>&nbsp;&nbsp;&nbsp;SaveDeviceInfo
</UL>

<P><STRONG><a name="[249]"></a>MountFS</STRONG> (Thumb, 532 bytes, Stack size 24 bytes, serialization.o(i.MountFS))
<BR><BR>[Stack]<UL><LI>Max Depth = 232<LI>Call Chain = MountFS &rArr; f_mount &rArr; find_volume &rArr; check_fs &rArr; move_window &rArr; sync_window &rArr; disk_write
</UL>
<BR>[Calls]<UL><LI><a href="#[12e]">&gt;&gt;</a>&nbsp;&nbsp;&nbsp;f_mount
<LI><a href="#[281]">&gt;&gt;</a>&nbsp;&nbsp;&nbsp;f_mkfs
<LI><a href="#[ef]">&gt;&gt;</a>&nbsp;&nbsp;&nbsp;osMutexWait
<LI><a href="#[f3]">&gt;&gt;</a>&nbsp;&nbsp;&nbsp;osMutexRelease
<LI><a href="#[f1]">&gt;&gt;</a>&nbsp;&nbsp;&nbsp;osKernelSysTick
<LI><a href="#[f2]">&gt;&gt;</a>&nbsp;&nbsp;&nbsp;__2printf
<LI><a href="#[f0]">&gt;&gt;</a>&nbsp;&nbsp;&nbsp;strrchr
</UL>
<BR>[Called By]<UL><LI><a href="#[247]">&gt;&gt;</a>&nbsp;&nbsp;&nbsp;InitSDCard
</UL>

<P><STRONG><a name="[248]"></a>checkCard</STRONG> (Thumb, 1452 bytes, Stack size 24 bytes, serialization.o(i.checkCard))
<BR><BR>[Stack]<UL><LI>Max Depth = 152<LI>Call Chain = checkCard &rArr; osMutexWait &rArr; xQueueGenericReceive &rArr; vTaskPlaceOnEventList &rArr; prvAddCurrentTaskToDelayedList &rArr; vListInsert
</UL>
<BR>[Calls]<UL><LI><a href="#[116]">&gt;&gt;</a>&nbsp;&nbsp;&nbsp;HAL_GPIO_WritePin
<LI><a href="#[ef]">&gt;&gt;</a>&nbsp;&nbsp;&nbsp;osMutexWait
<LI><a href="#[f3]">&gt;&gt;</a>&nbsp;&nbsp;&nbsp;osMutexRelease
<LI><a href="#[f1]">&gt;&gt;</a>&nbsp;&nbsp;&nbsp;osKernelSysTick
<LI><a href="#[2b1]">&gt;&gt;</a>&nbsp;&nbsp;&nbsp;SD_GetCardInfo
<LI><a href="#[f2]">&gt;&gt;</a>&nbsp;&nbsp;&nbsp;__2printf
<LI><a href="#[f0]">&gt;&gt;</a>&nbsp;&nbsp;&nbsp;strrchr
</UL>
<BR>[Called By]<UL><LI><a href="#[247]">&gt;&gt;</a>&nbsp;&nbsp;&nbsp;InitSDCard
</UL>

<P><STRONG><a name="[33f]"></a>md5_process</STRONG> (Thumb, 1864 bytes, Stack size 232 bytes, crypto.o(i.md5_process))
<BR><BR>[Stack]<UL><LI>Max Depth = 240<LI>Call Chain = md5_process &rArr; __aeabi_memcpy
</UL>
<BR>[Calls]<UL><LI><a href="#[11b]">&gt;&gt;</a>&nbsp;&nbsp;&nbsp;__aeabi_memcpy
</UL>
<BR>[Called By]<UL><LI><a href="#[255]">&gt;&gt;</a>&nbsp;&nbsp;&nbsp;crl_u_MD5_Update
</UL>

<P><STRONG><a name="[31c]"></a>_fp_digits</STRONG> (Thumb, 366 bytes, Stack size 64 bytes, printfa.o(i._fp_digits), UNUSED)
<BR><BR>[Calls]<UL><LI><a href="#[da]">&gt;&gt;</a>&nbsp;&nbsp;&nbsp;__aeabi_uldivmod
<LI><a href="#[e8]">&gt;&gt;</a>&nbsp;&nbsp;&nbsp;__aeabi_d2ulz
<LI><a href="#[e6]">&gt;&gt;</a>&nbsp;&nbsp;&nbsp;__aeabi_dmul
<LI><a href="#[e7]">&gt;&gt;</a>&nbsp;&nbsp;&nbsp;__aeabi_ddiv
<LI><a href="#[e0]">&gt;&gt;</a>&nbsp;&nbsp;&nbsp;__aeabi_dadd
<LI><a href="#[31d]">&gt;&gt;</a>&nbsp;&nbsp;&nbsp;__aeabi_cdrcmple
</UL>
<BR>[Called By]<UL><LI><a href="#[318]">&gt;&gt;</a>&nbsp;&nbsp;&nbsp;_printf_core
</UL>

<P><STRONG><a name="[318]"></a>_printf_core</STRONG> (Thumb, 1744 bytes, Stack size 136 bytes, printfa.o(i._printf_core), UNUSED)
<BR><BR>[Calls]<UL><LI><a href="#[da]">&gt;&gt;</a>&nbsp;&nbsp;&nbsp;__aeabi_uldivmod
<LI><a href="#[320]">&gt;&gt;</a>&nbsp;&nbsp;&nbsp;__aeabi_uidivmod
<LI><a href="#[31e]">&gt;&gt;</a>&nbsp;&nbsp;&nbsp;_printf_pre_padding
<LI><a href="#[31f]">&gt;&gt;</a>&nbsp;&nbsp;&nbsp;_printf_post_padding
<LI><a href="#[31c]">&gt;&gt;</a>&nbsp;&nbsp;&nbsp;_fp_digits
</UL>
<BR>[Called By]<UL><LI><a href="#[31a]">&gt;&gt;</a>&nbsp;&nbsp;&nbsp;__0sprintf
<LI><a href="#[319]">&gt;&gt;</a>&nbsp;&nbsp;&nbsp;__0snprintf
<LI><a href="#[317]">&gt;&gt;</a>&nbsp;&nbsp;&nbsp;__0printf
</UL>

<P><STRONG><a name="[31f]"></a>_printf_post_padding</STRONG> (Thumb, 36 bytes, Stack size 24 bytes, printfa.o(i._printf_post_padding), UNUSED)
<BR><BR>[Called By]<UL><LI><a href="#[318]">&gt;&gt;</a>&nbsp;&nbsp;&nbsp;_printf_core
</UL>

<P><STRONG><a name="[31e]"></a>_printf_pre_padding</STRONG> (Thumb, 46 bytes, Stack size 24 bytes, printfa.o(i._printf_pre_padding), UNUSED)
<BR><BR>[Called By]<UL><LI><a href="#[318]">&gt;&gt;</a>&nbsp;&nbsp;&nbsp;_printf_core
</UL>

<P><STRONG><a name="[85]"></a>_snputc</STRONG> (Thumb, 22 bytes, Stack size 0 bytes, printfa.o(i._snputc))
<BR>[Address Reference Count : 1]<UL><LI> printfa.o(i.__0snprintf)
</UL>
<P><STRONG><a name="[86]"></a>_sputc</STRONG> (Thumb, 10 bytes, Stack size 0 bytes, printfa.o(i._sputc))
<BR><BR>[Called By]<UL><LI><a href="#[31a]">&gt;&gt;</a>&nbsp;&nbsp;&nbsp;__0sprintf
</UL>
<BR>[Address Reference Count : 1]<UL><LI> printfa.o(i.__0sprintf)
</UL>
<P><STRONG><a name="[5f]"></a>_scanf_char_input</STRONG> (Thumb, 12 bytes, Stack size 0 bytes, scanf_char.o(.text))
<BR>[Address Reference Count : 1]<UL><LI> scanf_char.o(.text)
</UL><P>
<H3>
Undefined Global Symbols
</H3><HR></body></html>
