<html>
<body>
<pre>
<h1>µVision Build Log</h1>
<h2>Tool Versions:</h2>
IDE-Version: ¦ÌVision V5.28.0.0
Copyright (C) 2019 ARM Ltd and ARM Germany GmbH. All rights reserved.
License Information: yyy Administrator, yyy, LIC=KRMW3-AWW6M-JJY6S-LFBAV-TJ5CS-LT6Y5
 
Tool Versions:
Toolchain:       MDK-ARM Plus  Version: 5.28.0.0
Toolchain Path:  C:\Keil_v5\ARM\ARMCC\Bin
C Compiler:      Armcc.exe V5.06 update 6 (build 750)
Assembler:       Armasm.exe V5.06 update 6 (build 750)
Linker/Locator:  ArmLink.exe V5.06 update 6 (build 750)
Library Manager: ArmAr.exe V5.06 update 6 (build 750)
Hex Converter:   FromElf.exe V5.06 update 6 (build 750)
CPU DLL:         SARMCM3.DLL V5.28.0.0
Dialog DLL:      DCM.DLL V1.17.3.0
Target DLL:      Segger\JL2CM3.dll V2.99.36.0
Dialog DLL:      TCM.DLL V1.36.2.0
 
<h2>Project:</h2>
E:\Yjh¿ª·¢\GitHub\CollectCalculatorV21\MDK-ARM\FY-1102.uvprojx
Project File Date:  04/27/2020

<h2>Output:</h2>
*** Using Compiler 'V5.06 update 6 (build 750)', folder: 'C:\Keil_v5\ARM\ARMCC\Bin'
Rebuild target 'FY-1102'
assembling startup_stm32f405xx.s...
compiling stm32f4xx_hal_tim_ex.c...
compiling stm32f4xx_hal.c...
compiling system_stm32f4xx.c...
compiling stm32f4xx_hal_gpio.c...
compiling stm32f4xx_hal_rcc_ex.c...
compiling stm32f4xx_hal_pwr.c...
compiling stm32f4xx_hal_cortex.c...
compiling stm32f4xx_hal_rcc.c...
compiling stm32f4xx_hal_flash_ramfunc.c...
compiling stm32f4xx_hal_flash_ex.c...
compiling stm32f4xx_hal_dma_ex.c...
compiling stm32f4xx_hal_flash.c...
compiling stm32f4xx_hal_dma.c...
compiling stm32f4xx_hal_pwr_ex.c...
compiling stm32f4xx_hal_uart.c...
compiling stm32f4xx_hal_tim.c...
compiling stm32f4xx_hal_i2c.c...
compiling stm32f4xx_hal_crc.c...
compiling ff_gen_drv.c...
compiling stm32f4xx_hal_sd.c...
compiling stm32f4xx_hal_i2c_ex.c...
compiling stm32f4xx_hal_spi.c...
compiling stm32f4xx_ll_sdmmc.c...
compiling ff.c...
compiling sd_diskio.c...
compiling syscall.c...
compiling cc936.c...
compiling diskio.c...
compiling croutine.c...
compiling queue.c...
compiling timers.c...
compiling tasks.c...
compiling port.c...
compiling event_groups.c...
compiling list.c...
compiling cmsis_os.c...
compiling heap_4.c...
compiling stm32f4xx_it.c...
compiling UserPara.c...
compiling PubDef.c...
compiling SysPara.c...
compiling main.c...
compiling ClientApp.c...
compiling DevPara.c...
compiling NWKmodbus.c...
compiling FY1000Pro.c...
compiling check.c...
compiling FY188Pro.c...
compiling FY2000Pro.c...
compiling modbus.c...
compiling HZCRL_XPro.c...
compiling TypeDef.c...
compiling XY188Pro.c...
compiling stm32f4xx_hal_timebase_TIM.c...
compiling freertos.c...
compiling HT2X188Pro.c...
compiling DDF2Pro.c...
compiling BRC188Pro.c...
compiling CRC16.c...
compiling LED.c...
compiling stm32f4xx_hal_msp.c...
compiling SP706.c...
compiling Pulse.c...
compiling Beep.c...
compiling M4_IIC1.c...
compiling FRAM.c...
compiling RTC.c...
compiling M4_UART2.c...
compiling M4_UART3.c...
compiling M4_UART1.c...
compiling M4_CRC.c...
compiling PCF8563.c...
compiling M4_IIC2.c...
compiling M4_SPI1.c...
compiling bsp_driver_sd.c...
compiling fatfs.c...
compiling W25QXX.c...
compiling user_diskio.c...
compiling Keyboard.c...
compiling M4_SDIO.c...
compiling IndepKEY.c...
compiling KeyboardAPP.c...
compiling AlarmClk.c...
compiling UART_RBC.c...
compiling ZM.c...
compiling UC1698.c...
compiling COM_Server.c...
compiling FS_APP.c...
compiling Sys_State.c...
compiling kfifo.c...
compiling rtx_cli.c...
compiling ymodem.c...
compiling APP_UI.c...
compiling calmd5.c...
compiling common.c...
compiling download.c...
compiling SimilarLinux.c...
compiling UpdateParm.c...
compiling context.c...
compiling watchdog.c...
compiling Calculate.c...
compiling Serialization.c...
compiling PowerRelay.c...
compiling Heartbeat.c...
compiling debug.c...
linking...
Program Size: Code=277552 RO-data=222528 RW-data=868 ZI-data=164168  
FromELF: creating hex file...
After Build - User command #1: fromelf.exe --bin  ..\MDK-ARM\FY-1102\FY-1102.axf --output ..\MDK-ARM\FY-1102/FY-1102.bin
".\FY-1102\FY-1102.axf" - 0 Error(s), 0 Warning(s).

<h2>Software Packages used:</h2>

Package Vendor: ARM
                http://www.keil.com/pack/ARM.CMSIS.5.5.1.pack
                ARM.CMSIS.5.5.1
                CMSIS (Cortex Microcontroller Software Interface Standard)
   * Component: CORE Version: 5.2.0

Package Vendor: Keil
                http://www.keil.com/pack/Keil.STM32F4xx_DFP.2.13.0.pack
                Keil.STM32F4xx_DFP.2.13.0
                STMicroelectronics STM32F4 Series Device Support, Drivers and Examples

<h2>Collection of Component include folders:</h2>
  .\RTE\_FY-1102
  C:\Users\Administrator\AppData\Local\Arm\Packs\ARM\CMSIS\5.5.1\CMSIS\Core\Include
  C:\Users\Administrator\AppData\Local\Arm\Packs\Keil\STM32F4xx_DFP\2.13.0\Drivers\CMSIS\Device\ST\STM32F4xx\Include

<h2>Collection of Component Files used:</h2>

   * Component: ARM::CMSIS:CORE:5.2.0
Build Time Elapsed:  00:02:15
</pre>
</body>
</html>
